04-30 00:29:48.046 21412 23367 W HidlToAidlSensorAdapter: 	at android.os.HwBinder.getService(Native Method)
04-30 00:29:48.046 21412 23367 W HidlToAidlSensorAdapter: 	at android.os.HwBinder.getService(HwBinder.java:93)
04-30 00:29:48.046 21412 23367 W HidlToAidlSensorAdapter: 	at android.hardware.biometrics.fingerprint.V2_1.IBiometricsFingerprint.getService(IBiometricsFingerprint.java:74)
04-30 00:29:48.046 21412 23367 W HidlToAidlSensorAdapter: 	at android.hardware.biometrics.fingerprint.V2_1.IBiometricsFingerprint.getService(IBiometricsFingerprint.java:84)
04-30 00:29:48.046 21412 23367 W HidlToAidlSensorAdapter: 	at com.android.server.biometrics.sensors.fingerprint.hidl.HidlToAidlSensorAdapter.getIBiometricsFingerprint(HidlToAidlSensorAdapter.java:210)
04-30 00:29:48.046 21412 23367 W HidlToAidlSensorAdapter: 	at com.android.server.biometrics.sensors.fingerprint.hidl.HidlToAidlSensorAdapter$$ExternalSyntheticLambda5.get(R8$$SyntheticClass:0)
04-30 00:29:48.046 21412 23367 W HidlToAidlSensorAdapter: 	at com.android.server.biometrics.sensors.fingerprint.hidl.HidlToAidlSessionAdapter.setCallback(HidlToAidlSessionAdapter.java:227)
04-30 00:29:48.046 21412 23367 W HidlToAidlSensorAdapter: 	at com.android.server.biometrics.sensors.fingerprint.hidl.HidlToAidlSessionAdapter.<init>(HidlToAidlSessionAdapter.java:58)
04-30 00:29:48.046 21412 23367 W HidlToAidlSensorAdapter: 	at com.android.server.biometrics.sensors.fingerprint.aidl.AidlSession.<init>(AidlSession.java:48)
04-30 00:29:48.046 21412 23367 W HidlToAidlSensorAdapter: 	at com.android.server.biometrics.sensors.fingerprint.hidl.HidlToAidlSensorAdapter.getSession(HidlToAidlSensorAdapter.java:182)
04-30 00:29:48.046 21412 23367 W HidlToAidlSensorAdapter: 	at com.android.server.biometrics.sensors.fingerprint.hidl.HidlToAidlSensorAdapter.lambda$getFingerprintUpdateActiveUserClient$3(HidlToAidlSensorAdapter.java:273)
04-30 00:29:48.046 21412 23367 W HidlToAidlSensorAdapter: 	at com.android.server.biometrics.sensors.fingerprint.hidl.HidlToAidlSensorAdapter.$r8$lambda$hzKCz0gy8JwjgnnYzUAAoIgGgh4(HidlToAidlSensorAdapter.java:0)
04-30 00:29:48.046 21412 23367 W HidlToAidlSensorAdapter: 	at com.android.server.biometrics.sensors.fingerprint.hidl.HidlToAidlSensorAdapter$$ExternalSyntheticLambda6.get(R8$$SyntheticClass:0)
04-30 00:29:48.046 21412 23367 W HidlToAidlSensorAdapter: 	at com.android.server.biometrics.sensors.HalClientMonitor.getFreshDaemon(HalClientMonitor.java:71)
04-30 00:29:48.046 21412 23367 W HidlToAidlSensorAdapter: 	at com.android.server.biometrics.sensors.fingerprint.hidl.FingerprintUpdateActiveUserClient.startHalOperation(FingerprintUpdateActiveUserClient.java:123)
04-30 00:29:48.046 21412 23367 W HidlToAidlSensorAdapter: 	at com.android.server.biometrics.sensors.fingerprint.hidl.FingerprintUpdateActiveUserClient.start(FingerprintUpdateActiveUserClient.java:110)
04-30 00:29:48.046 21412 23367 W HidlToAidlSensorAdapter: 	at com.android.server.biometrics.sensors.BiometricScheduler.checkCurrentUserAndStartNextOperation(BiometricScheduler.java:332)
04-30 00:29:48.046 21412 23367 W HidlToAidlSensorAdapter: 	at com.android.server.biometrics.sensors.BiometricScheduler$UserSwitchClientCallback.lambda$onClientFinished$0(BiometricScheduler.java:177)
04-30 00:29:48.046 21412 23367 W HidlToAidlSensorAdapter: 	at com.android.server.biometrics.sensors.BiometricScheduler$UserSwitchClientCallback.$r8$lambda$9uToF41kHgR_T4eWN0T0wXyfa5w(BiometricScheduler.java:0)
04-30 00:29:48.046 21412 23367 W HidlToAidlSensorAdapter: 	at com.android.server.biometrics.sensors.BiometricScheduler$UserSwitchClientCallback$$ExternalSyntheticLambda0.run(R8$$SyntheticClass:0)
04-30 00:29:48.046 21412 23367 W HidlToAidlSensorAdapter: 	at android.os.Handler.handleCallback(Handler.java:1070)
04-30 00:29:48.046 21412 23367 W HidlToAidlSensorAdapter: 	at android.os.Handler.dispatchMessage(Handler.java:125)
04-30 00:29:48.046 21412 23367 W HidlToAidlSensorAdapter: 	at android.os.Looper.dispatchMessage(Looper.java:333)
04-30 00:29:48.046 21412 23367 W HidlToAidlSensorAdapter: 	at android.os.Looper.loopOnce(Looper.java:263)
04-30 00:29:48.046 21412 23367 W HidlToAidlSensorAdapter: 	at android.os.Looper.loop(Looper.java:367)
04-30 00:29:48.046 21412 23367 W HidlToAidlSensorAdapter: 	at android.os.HandlerThread.run(HandlerThread.java:139)
04-30 00:29:48.046 21412 23367 W HidlToAidlSensorAdapter: Fingerprint HAL not available
04-30 00:29:48.046 21412 23367 E HidlToAidlSessionAdapter: Unable to set HIDL callback. HIDL daemon is null.
04-30 00:29:46.481     1     1 E (0)[1:init]: Control message: Could not find 'android.hardware.biometrics.fingerprint@2.1::IBiometricsFingerprint/default' for ctl.interface_start from pid: 490 (/system/system_ext/bin/hwservicemanager)
04-30 00:29:46.483     1     1 E (2)[1:init]: Control message: Could not find 'android.hardware.biometrics.fingerprint@2.1::IBiometricsFingerprint/default' for ctl.interface_start from pid: 490 (/system/system_ext/bin/hwservicemanager)
04-30 00:29:48.047   490 13723 W libc    : Unable to set property "ctl.interface_start" to "android.hardware.biometrics.fingerprint@2.1::IBiometricsFingerprint/default": PROP_ERROR_HANDLE_CONTROL_MESSAGE (0x20)
04-30 00:29:48.047   490 13723 I hwservicemanager: Tried to start android.hardware.biometrics.fingerprint@2.1::IBiometricsFingerprint/default as a lazy service, but was unable to. Usually this happens when a service is not installed, but if the service is intended to be used as a lazy service, then it may be configured incorrectly.
04-30 00:29:48.048   490   490 I hwservicemanager: Since android.hardware.biometrics.fingerprint@2.1::IBiometricsFingerprint/default is not registered, trying to start it as a lazy HAL (if it's not configured to be a lazy HAL, it may be stuck starting or still starting).
04-30 00:29:48.049 21412 23367 W HidlToAidlSensorAdapter: NoSuchElementException
04-30 00:29:48.049 21412 23367 W HidlToAidlSensorAdapter: java.util.NoSuchElementException
04-30 00:29:48.049 21412 23367 W HidlToAidlSensorAdapter: 	at android.os.HwBinder.getService(Native Method)
04-30 00:29:48.049 21412 23367 W HidlToAidlSensorAdapter: 	at android.os.HwBinder.getService(HwBinder.java:93)
04-30 00:29:48.049 21412 23367 W HidlToAidlSensorAdapter: 	at android.hardware.biometrics.fingerprint.V2_1.IBiometricsFingerprint.getService(IBiometricsFingerprint.java:74)
04-30 00:29:48.049 21412 23367 W HidlToAidlSensorAdapter: 	at android.hardware.biometrics.fingerprint.V2_1.IBiometricsFingerprint.getService(IBiometricsFingerprint.java:84)
04-30 00:29:48.049 21412 23367 W HidlToAidlSensorAdapter: 	at com.android.server.biometrics.sensors.fingerprint.hidl.HidlToAidlSensorAdapter.getIBiometricsFingerprint(HidlToAidlSensorAdapter.java:210)
04-30 00:29:48.049 21412 23367 W HidlToAidlSensorAdapter: 	at com.android.server.biometrics.sensors.fingerprint.hidl.HidlToAidlSensorAdapter$$ExternalSyntheticLambda5.get(R8$$SyntheticClass:0)
04-30 00:29:48.049 21412 23367 W HidlToAidlSensorAdapter: 	at com.android.server.biometrics.sensors.fingerprint.hidl.HidlToAidlSessionAdapter.getIBiometricsFingerprint(HidlToAidlSessionAdapter.java:213)
04-30 00:29:48.049 21412 23367 W HidlToAidlSensorAdapter: 	at com.android.server.biometrics.sensors.fingerprint.hidl.FingerprintUpdateActiveUserClient.startHalOperation(FingerprintUpdateActiveUserClient.java:124)
04-30 00:29:48.049 21412 23367 W HidlToAidlSensorAdapter: 	at com.android.server.biometrics.sensors.fingerprint.hidl.FingerprintUpdateActiveUserClient.start(FingerprintUpdateActiveUserClient.java:110)
04-30 00:29:48.049 21412 23367 W HidlToAidlSensorAdapter: 	at com.android.server.biometrics.sensors.BiometricScheduler.checkCurrentUserAndStartNextOperation(BiometricScheduler.java:332)
04-30 00:29:48.049 21412 23367 W HidlToAidlSensorAdapter: 	at com.android.server.biometrics.sensors.BiometricScheduler$UserSwitchClientCallback.lambda$onClientFinished$0(BiometricScheduler.java:177)
04-30 00:29:48.049 21412 23367 W HidlToAidlSensorAdapter: 	at com.android.server.biometrics.sensors.BiometricScheduler$UserSwitchClientCallback.$r8$lambda$9uToF41kHgR_T4eWN0T0wXyfa5w(BiometricScheduler.java:0)
04-30 00:29:48.049 21412 23367 W HidlToAidlSensorAdapter: 	at com.android.server.biometrics.sensors.BiometricScheduler$UserSwitchClientCallback$$ExternalSyntheticLambda0.run(R8$$SyntheticClass:0)
04-30 00:29:48.049 21412 23367 W HidlToAidlSensorAdapter: 	at android.os.Handler.handleCallback(Handler.java:1070)
04-30 00:29:48.049 21412 23367 W HidlToAidlSensorAdapter: 	at android.os.Handler.dispatchMessage(Handler.java:125)
04-30 00:29:48.049 21412 23367 W HidlToAidlSensorAdapter: 	at android.os.Looper.dispatchMessage(Looper.java:333)
04-30 00:29:48.049 21412 23367 W HidlToAidlSensorAdapter: 	at android.os.Looper.loopOnce(Looper.java:263)
04-30 00:29:48.049 21412 23367 W HidlToAidlSensorAdapter: 	at android.os.Looper.loop(Looper.java:367)
04-30 00:29:48.049 21412 23367 W HidlToAidlSensorAdapter: 	at android.os.HandlerThread.run(HandlerThread.java:139)
04-30 00:29:48.049 21412 23367 W HidlToAidlSensorAdapter: Fingerprint HAL not available
04-30 00:29:48.049 21412 23367 E FingerprintUpdateActiveUserClient: Failed to setActiveGroup: HIDL daemon is null.
04-30 00:29:48.049 21412 23367 D BiometricScheduler: [Client finished] {[14360075] com.android.server.biometrics.sensors.fingerprint.hidl.FingerprintUpdateActiveUserClient, proto=1, owner=android, cookie=0, requestId=-1, userId=0}, success: false
04-30 00:29:48.049   490 13724 W libc    : Unable to set property "ctl.interface_start" to "android.hardware.biometrics.fingerprint@2.1::IBiometricsFingerprint/default": PROP_ERROR_HANDLE_CONTROL_MESSAGE (0x20)
04-30 00:29:48.049 21412 23367 D BiometricScheduler: [Starting User] {[14360076] com.android.server.biometrics.sensors.fingerprint.hidl.FingerprintUpdateActiveUserClient, proto=1, owner=android, cookie=0, requestId=-1, userId=0}
04-30 00:29:48.049   490 13724 I hwservicemanager: Tried to start android.hardware.biometrics.fingerprint@2.1::IBiometricsFingerprint/default as a lazy service, but was unable to. Usually this happens when a service is not installed, but if the service is intended to be used as a lazy service, then it may be configured incorrectly.
04-30 00:29:48.050 21412 23367 D FingerprintUpdateActiveUserClient: Setting active user: 0
04-30 00:29:46.486     1     1 E (0)[1:init]: Control message: Could not find 'android.hardware.biometrics.fingerprint@2.1::IBiometricsFingerprint/default' for ctl.interface_start from pid: 490 (/system/system_ext/bin/hwservicemanager)
04-30 00:29:48.051   490   490 I hwservicemanager: Since android.hardware.biometrics.fingerprint@2.1::IBiometricsFingerprint/default is not registered, trying to start it as a lazy HAL (if it's not configured to be a lazy HAL, it may be stuck starting or still starting).
04-30 00:29:48.052 21412 23367 W HidlToAidlSensorAdapter: NoSuchElementException
04-30 00:29:48.052 21412 23367 W HidlToAidlSensorAdapter: java.util.NoSuchElementException
04-30 00:29:48.052 21412 23367 W HidlToAidlSensorAdapter: 	at android.os.HwBinder.getService(Native Method)
04-30 00:29:48.052 21412 23367 W HidlToAidlSensorAdapter: 	at android.os.HwBinder.getService(HwBinder.java:93)
04-30 00:29:48.052 21412 23367 W HidlToAidlSensorAdapter: 	at android.hardware.biometrics.fingerprint.V2_1.IBiometricsFingerprint.getService(IBiometricsFingerprint.java:74)
04-30 00:29:48.052 21412 23367 W HidlToAidlSensorAdapter: 	at android.hardware.biometrics.fingerprint.V2_1.IBiometricsFingerprint.getService(IBiometricsFingerprint.java:84)
04-30 00:29:48.052 21412 23367 W HidlToAidlSensorAdapter: 	at com.android.server.biometrics.sensors.fingerprint.hidl.HidlToAidlSensorAdapter.getIBiometricsFingerprint(HidlToAidlSensorAdapter.java:210)
04-30 00:29:48.052 21412 23367 W HidlToAidlSensorAdapter: 	at com.android.server.biometrics.sensors.fingerprint.hidl.HidlToAidlSensorAdapter$$ExternalSyntheticLambda5.get(R8$$SyntheticClass:0)
04-30 00:29:48.052 21412 23367 W HidlToAidlSensorAdapter: 	at com.android.server.biometrics.sensors.fingerprint.hidl.HidlToAidlSessionAdapter.setCallback(HidlToAidlSessionAdapter.java:227)
04-30 00:29:48.052 21412 23367 W HidlToAidlSensorAdapter: 	at com.android.server.biometrics.sensors.fingerprint.hidl.HidlToAidlSessionAdapter.<init>(HidlToAidlSessionAdapter.java:58)
04-30 00:29:48.052 21412 23367 W HidlToAidlSensorAdapter: 	at com.android.server.biometrics.sensors.fingerprint.aidl.AidlSession.<init>(AidlSession.java:48)
04-30 00:29:48.052 21412 23367 W HidlToAidlSensorAdapter: 	at com.android.server.biometrics.sensors.fingerprint.hidl.HidlToAidlSensorAdapter.getSession(HidlToAidlSensorAdapter.java:182)
04-30 00:29:48.052 21412 23367 W HidlToAidlSensorAdapter: 	at com.android.server.biometrics.sensors.fingerprint.hidl.HidlToAidlSensorAdapter.lambda$getFingerprintUpdateActiveUserClient$3(HidlToAidlSensorAdapter.java:273)
04-30 00:29:48.052 21412 23367 W HidlToAidlSensorAdapter: 	at com.android.server.biometrics.sensors.fingerprint.hidl.HidlToAidlSensorAdapter.$r8$lambda$hzKCz0gy8JwjgnnYzUAAoIgGgh4(HidlToAidlSensorAdapter.java:0)
04-30 00:29:48.052 21412 23367 W HidlToAidlSensorAdapter: 	at com.android.server.biometrics.sensors.fingerprint.hidl.HidlToAidlSensorAdapter$$ExternalSyntheticLambda6.get(R8$$SyntheticClass:0)
04-30 00:29:48.052 21412 23367 W HidlToAidlSensorAdapter: 	at com.android.server.biometrics.sensors.HalClientMonitor.getFreshDaemon(HalClientMonitor.java:71)
04-30 00:29:48.052 21412 23367 W HidlToAidlSensorAdapter: 	at com.android.server.biometrics.sensors.fingerprint.hidl.FingerprintUpdateActiveUserClient.startHalOperation(FingerprintUpdateActiveUserClient.java:123)
04-30 00:29:48.052 21412 23367 W HidlToAidlSensorAdapter: 	at com.android.server.biometrics.sensors.fingerprint.hidl.FingerprintUpdateActiveUserClient.start(FingerprintUpdateActiveUserClient.java:110)
04-30 00:29:48.052 21412 23367 W HidlToAidlSensorAdapter: 	at com.android.server.biometrics.sensors.BiometricScheduler.checkCurrentUserAndStartNextOperation(BiometricScheduler.java:332)
04-30 00:29:48.052 21412 23367 W HidlToAidlSensorAdapter: 	at com.android.server.biometrics.sensors.BiometricScheduler$UserSwitchClientCallback.lambda$onClientFinished$0(BiometricScheduler.java:177)
04-30 00:29:48.052 21412 23367 W HidlToAidlSensorAdapter: 	at com.android.server.biometrics.sensors.BiometricScheduler$UserSwitchClientCallback.$r8$lambda$9uToF41kHgR_T4eWN0T0wXyfa5w(BiometricScheduler.java:0)
04-30 00:29:48.052 21412 23367 W HidlToAidlSensorAdapter: 	at com.android.server.biometrics.sensors.BiometricScheduler$UserSwitchClientCallback$$ExternalSyntheticLambda0.run(R8$$SyntheticClass:0)
04-30 00:29:48.052 21412 23367 W HidlToAidlSensorAdapter: 	at android.os.Handler.handleCallback(Handler.java:1070)
04-30 00:29:48.052 21412 23367 W HidlToAidlSensorAdapter: 	at android.os.Handler.dispatchMessage(Handler.java:125)
04-30 00:29:48.052 21412 23367 W HidlToAidlSensorAdapter: 	at android.os.Looper.dispatchMessage(Looper.java:333)
04-30 00:29:48.052 21412 23367 W HidlToAidlSensorAdapter: 	at android.os.Looper.loopOnce(Looper.java:263)
04-30 00:29:48.052 21412 23367 W HidlToAidlSensorAdapter: 	at android.os.Looper.loop(Looper.java:367)
04-30 00:29:48.052 21412 23367 W HidlToAidlSensorAdapter: 	at android.os.HandlerThread.run(HandlerThread.java:139)
04-30 00:29:48.052 21412 23367 W HidlToAidlSensorAdapter: Fingerprint HAL not available
04-30 00:29:48.052 21412 23367 E HidlToAidlSessionAdapter: Unable to set HIDL callback. HIDL daemon is null.
04-30 00:29:48.052   490 13725 W libc    : Unable to set property "ctl.interface_start" to "android.hardware.biometrics.fingerprint@2.1::IBiometricsFingerprint/default": PROP_ERROR_HANDLE_CONTROL_MESSAGE (0x20)
04-30 00:29:48.052   490 13725 I hwservicemanager: Tried to start android.hardware.biometrics.fingerprint@2.1::IBiometricsFingerprint/default as a lazy service, but was unable to. Usually this happens when a service is not installed, but if the service is intended to be used as a lazy service, then it may be configured incorrectly.
04-30 00:29:48.052   490   490 I hwservicemanager: Since android.hardware.biometrics.fingerprint@2.1::IBiometricsFingerprint/default is not registered, trying to start it as a lazy HAL (if it's not configured to be a lazy HAL, it may be stuck starting or still starting).
04-30 00:29:48.053 21412 23367 W HidlToAidlSensorAdapter: NoSuchElementException
04-30 00:29:48.053 21412 23367 W HidlToAidlSensorAdapter: java.util.NoSuchElementException
04-30 00:29:48.053 21412 23367 W HidlToAidlSensorAdapter: 	at android.os.HwBinder.getService(Native Method)
04-30 00:29:48.053 21412 23367 W HidlToAidlSensorAdapter: 	at android.os.HwBinder.getService(HwBinder.java:93)
04-30 00:29:48.053 21412 23367 W HidlToAidlSensorAdapter: 	at android.hardware.biometrics.fingerprint.V2_1.IBiometricsFingerprint.getService(IBiometricsFingerprint.java:74)
04-30 00:29:48.053 21412 23367 W HidlToAidlSensorAdapter: 	at android.hardware.biometrics.fingerprint.V2_1.IBiometricsFingerprint.getService(IBiometricsFingerprint.java:84)
04-30 00:29:48.053 21412 23367 W HidlToAidlSensorAdapter: 	at com.android.server.biometrics.sensors.fingerprint.hidl.HidlToAidlSensorAdapter.getIBiometricsFingerprint(HidlToAidlSensorAdapter.java:210)
04-30 00:29:48.053 21412 23367 W HidlToAidlSensorAdapter: 	at com.android.server.biometrics.sensors.fingerprint.hidl.HidlToAidlSensorAdapter$$ExternalSyntheticLambda5.get(R8$$SyntheticClass:0)
04-30 00:29:48.053 21412 23367 W HidlToAidlSensorAdapter: 	at com.android.server.biometrics.sensors.fingerprint.hidl.HidlToAidlSessionAdapter.getIBiometricsFingerprint(HidlToAidlSessionAdapter.java:213)
04-30 00:29:48.053 21412 23367 W HidlToAidlSensorAdapter: 	at com.android.server.biometrics.sensors.fingerprint.hidl.FingerprintUpdateActiveUserClient.startHalOperation(FingerprintUpdateActiveUserClient.java:124)
04-30 00:29:48.053 21412 23367 W HidlToAidlSensorAdapter: 	at com.android.server.biometrics.sensors.fingerprint.hidl.FingerprintUpdateActiveUserClient.start(FingerprintUpdateActiveUserClient.java:110)
04-30 00:29:48.053 21412 23367 W HidlToAidlSensorAdapter: 	at com.android.server.biometrics.sensors.BiometricScheduler.checkCurrentUserAndStartNextOperation(BiometricScheduler.java:332)
04-30 00:29:48.053 21412 23367 W HidlToAidlSensorAdapter: 	at com.android.server.biometrics.sensors.BiometricScheduler$UserSwitchClientCallback.lambda$onClientFinished$0(BiometricScheduler.java:177)
04-30 00:29:48.053 21412 23367 W HidlToAidlSensorAdapter: 	at com.android.server.biometrics.sensors.BiometricScheduler$UserSwitchClientCallback.$r8$lambda$9uToF41kHgR_T4eWN0T0wXyfa5w(BiometricScheduler.java:0)
04-30 00:29:48.053 21412 23367 W HidlToAidlSensorAdapter: 	at com.android.server.biometrics.sensors.BiometricScheduler$UserSwitchClientCallback$$ExternalSyntheticLambda0.run(R8$$SyntheticClass:0)
04-30 00:29:48.053 21412 23367 W HidlToAidlSensorAdapter: 	at android.os.Handler.handleCallback(Handler.java:1070)
04-30 00:29:48.053 21412 23367 W HidlToAidlSensorAdapter: 	at android.os.Handler.dispatchMessage(Handler.java:125)
04-30 00:29:48.053 21412 23367 W HidlToAidlSensorAdapter: 	at android.os.Looper.dispatchMessage(Looper.java:333)
04-30 00:29:48.053 21412 23367 W HidlToAidlSensorAdapter: 	at android.os.Looper.loopOnce(Looper.java:263)
04-30 00:29:48.053 21412 23367 W HidlToAidlSensorAdapter: 	at android.os.Looper.loop(Looper.java:367)
04-30 00:29:48.053 21412 23367 W HidlToAidlSensorAdapter: 	at android.os.HandlerThread.run(HandlerThread.java:139)
04-30 00:29:46.489     1     1 E (2)[1:init]: Control message: Could not find 'android.hardware.biometrics.fingerprint@2.1::IBiometricsFingerprint/default' for ctl.interface_start from pid: 490 (/system/system_ext/bin/hwservicemanager)
04-30 00:29:48.053 21412 23367 W HidlToAidlSensorAdapter: Fingerprint HAL not available
04-30 00:29:48.053 21412 23367 E FingerprintUpdateActiveUserClient: Failed to setActiveGroup: HIDL daemon is null.
04-30 00:29:48.054 21412 23367 D BiometricScheduler: [Client finished] {[14360076] com.android.server.biometrics.sensors.fingerprint.hidl.FingerprintUpdateActiveUserClient, proto=1, owner=android, cookie=0, requestId=-1, userId=0}, success: false
04-30 00:29:48.054 21412 23367 D BiometricScheduler: [Starting User] {[14360077] com.android.server.biometrics.sensors.fingerprint.hidl.FingerprintUpdateActiveUserClient, proto=1, owner=android, cookie=0, requestId=-1, userId=0}
04-30 00:29:48.054 21412 23367 D FingerprintUpdateActiveUserClient: Setting active user: 0
04-30 00:29:48.054   490 13726 W libc    : Unable to set property "ctl.interface_start" to "android.hardware.biometrics.fingerprint@2.1::IBiometricsFingerprint/default": PROP_ERROR_HANDLE_CONTROL_MESSAGE (0x20)
04-30 00:29:48.054   490 13726 I hwservicemanager: Tried to start android.hardware.biometrics.fingerprint@2.1::IBiometricsFingerprint/default as a lazy service, but was unable to. Usually this happens when a service is not installed, but if the service is intended to be used as a lazy service, then it may be configured incorrectly.
04-30 00:29:48.054   490   490 I hwservicemanager: Since android.hardware.biometrics.fingerprint@2.1::IBiometricsFingerprint/default is not registered, trying to start it as a lazy HAL (if it's not configured to be a lazy HAL, it may be stuck starting or still starting).
04-30 00:29:46.490     1     1 E (2)[1:init]: Control message: Could not find 'android.hardware.biometrics.fingerprint@2.1::IBiometricsFingerprint/default' for ctl.interface_start from pid: 490 (/system/system_ext/bin/hwservicemanager)
04-30 00:29:48.055 21412 23367 W HidlToAidlSensorAdapter: NoSuchElementException
04-30 00:29:48.055 21412 23367 W HidlToAidlSensorAdapter: java.util.NoSuchElementException
04-30 00:29:48.055 21412 23367 W HidlToAidlSensorAdapter: 	at android.os.HwBinder.getService(Native Method)
04-30 00:29:48.055 21412 23367 W HidlToAidlSensorAdapter: 	at android.os.HwBinder.getService(HwBinder.java:93)
04-30 00:29:48.055 21412 23367 W HidlToAidlSensorAdapter: 	at android.hardware.biometrics.fingerprint.V2_1.IBiometricsFingerprint.getService(IBiometricsFingerprint.java:74)
04-30 00:29:48.055 21412 23367 W HidlToAidlSensorAdapter: 	at android.hardware.biometrics.fingerprint.V2_1.IBiometricsFingerprint.getService(IBiometricsFingerprint.java:84)
04-30 00:29:48.055 21412 23367 W HidlToAidlSensorAdapter: 	at com.android.server.biometrics.sensors.fingerprint.hidl.HidlToAidlSensorAdapter.getIBiometricsFingerprint(HidlToAidlSensorAdapter.java:210)
04-30 00:29:48.055 21412 23367 W HidlToAidlSensorAdapter: 	at com.android.server.biometrics.sensors.fingerprint.hidl.HidlToAidlSensorAdapter$$ExternalSyntheticLambda5.get(R8$$SyntheticClass:0)
04-30 00:29:48.055 21412 23367 W HidlToAidlSensorAdapter: 	at com.android.server.biometrics.sensors.fingerprint.hidl.HidlToAidlSessionAdapter.setCallback(HidlToAidlSessionAdapter.java:227)
04-30 00:29:48.055 21412 23367 W HidlToAidlSensorAdapter: 	at com.android.server.biometrics.sensors.fingerprint.hidl.HidlToAidlSessionAdapter.<init>(HidlToAidlSessionAdapter.java:58)
04-30 00:29:48.055 21412 23367 W HidlToAidlSensorAdapter: 	at com.android.server.biometrics.sensors.fingerprint.aidl.AidlSession.<init>(AidlSession.java:48)
04-30 00:29:48.055 21412 23367 W HidlToAidlSensorAdapter: 	at com.android.server.biometrics.sensors.fingerprint.hidl.HidlToAidlSensorAdapter.getSession(HidlToAidlSensorAdapter.java:182)
04-30 00:29:48.055 21412 23367 W HidlToAidlSensorAdapter: 	at com.android.server.biometrics.sensors.fingerprint.hidl.HidlToAidlSensorAdapter.lambda$getFingerprintUpdateActiveUserClient$3(HidlToAidlSensorAdapter.java:273)
04-30 00:29:48.055 21412 23367 W HidlToAidlSensorAdapter: 	at com.android.server.biometrics.sensors.fingerprint.hidl.HidlToAidlSensorAdapter.$r8$lambda$hzKCz0gy8JwjgnnYzUAAoIgGgh4(HidlToAidlSensorAdapter.java:0)
04-30 00:29:48.055 21412 23367 W HidlToAidlSensorAdapter: 	at com.android.server.biometrics.sensors.fingerprint.hidl.HidlToAidlSensorAdapter$$ExternalSyntheticLambda6.get(R8$$SyntheticClass:0)
04-30 00:29:48.055 21412 23367 W HidlToAidlSensorAdapter: 	at com.android.server.biometrics.sensors.HalClientMonitor.getFreshDaemon(HalClientMonitor.java:71)
04-30 00:29:48.055 21412 23367 W HidlToAidlSensorAdapter: 	at com.android.server.biometrics.sensors.fingerprint.hidl.FingerprintUpdateActiveUserClient.startHalOperation(FingerprintUpdateActiveUserClient.java:123)
04-30 00:29:48.055 21412 23367 W HidlToAidlSensorAdapter: 	at com.android.server.biometrics.sensors.fingerprint.hidl.FingerprintUpdateActiveUserClient.start(FingerprintUpdateActiveUserClient.java:110)
04-30 00:29:48.055 21412 23367 W HidlToAidlSensorAdapter: 	at com.android.server.biometrics.sensors.BiometricScheduler.checkCurrentUserAndStartNextOperation(BiometricScheduler.java:332)
04-30 00:29:48.055 21412 23367 W HidlToAidlSensorAdapter: 	at com.android.server.biometrics.sensors.BiometricScheduler$UserSwitchClientCallback.lambda$onClientFinished$0(BiometricScheduler.java:177)
04-30 00:29:48.055 21412 23367 W HidlToAidlSensorAdapter: 	at com.android.server.biometrics.sensors.BiometricScheduler$UserSwitchClientCallback.$r8$lambda$9uToF41kHgR_T4eWN0T0wXyfa5w(BiometricScheduler.java:0)
04-30 00:29:48.055 21412 23367 W HidlToAidlSensorAdapter: 	at com.android.server.biometrics.sensors.BiometricScheduler$UserSwitchClientCallback$$ExternalSyntheticLambda0.run(R8$$SyntheticClass:0)
04-30 00:29:48.055 21412 23367 W HidlToAidlSensorAdapter: 	at android.os.Handler.handleCallback(Handler.java:1070)
04-30 00:29:48.055 21412 23367 W HidlToAidlSensorAdapter: 	at android.os.Handler.dispatchMessage(Handler.java:125)
04-30 00:29:48.055 21412 23367 W HidlToAidlSensorAdapter: 	at android.os.Looper.dispatchMessage(Looper.java:333)
04-30 00:29:48.055 21412 23367 W HidlToAidlSensorAdapter: 	at android.os.Looper.loopOnce(Looper.java:263)
04-30 00:29:48.055 21412 23367 W HidlToAidlSensorAdapter: 	at android.os.Looper.loop(Looper.java:367)
04-30 00:29:48.055 21412 23367 W HidlToAidlSensorAdapter: 	at android.os.HandlerThread.run(HandlerThread.java:139)
04-30 00:29:48.056   490 13727 W libc    : Unable to set property "ctl.interface_start" to "android.hardware.biometrics.fingerprint@2.1::IBiometricsFingerprint/default": PROP_ERROR_HANDLE_CONTROL_MESSAGE (0x20)
04-30 00:29:48.056 21412 23367 W HidlToAidlSensorAdapter: Fingerprint HAL not available
04-30 00:29:48.056 21412 23367 E HidlToAidlSessionAdapter: Unable to set HIDL callback. HIDL daemon is null.
04-30 00:29:48.056   490 13727 I hwservicemanager: Tried to start android.hardware.biometrics.fingerprint@2.1::IBiometricsFingerprint/default as a lazy service, but was unable to. Usually this happens when a service is not installed, but if the service is intended to be used as a lazy service, then it may be configured incorrectly.
04-30 00:29:48.056   490   490 I hwservicemanager: Since android.hardware.biometrics.fingerprint@2.1::IBiometricsFingerprint/default is not registered, trying to start it as a lazy HAL (if it's not configured to be a lazy HAL, it may be stuck starting or still starting).
04-30 00:29:48.057 21412 23367 W HidlToAidlSensorAdapter: NoSuchElementException
04-30 00:29:48.057 21412 23367 W HidlToAidlSensorAdapter: java.util.NoSuchElementException
04-30 00:29:48.057 21412 23367 W HidlToAidlSensorAdapter: 	at android.os.HwBinder.getService(Native Method)
04-30 00:29:48.057 21412 23367 W HidlToAidlSensorAdapter: 	at android.os.HwBinder.getService(HwBinder.java:93)
04-30 00:29:48.057 21412 23367 W HidlToAidlSensorAdapter: 	at android.hardware.biometrics.fingerprint.V2_1.IBiometricsFingerprint.getService(IBiometricsFingerprint.java:74)
04-30 00:29:48.057 21412 23367 W HidlToAidlSensorAdapter: 	at android.hardware.biometrics.fingerprint.V2_1.IBiometricsFingerprint.getService(IBiometricsFingerprint.java:84)
04-30 00:29:48.057 21412 23367 W HidlToAidlSensorAdapter: 	at com.android.server.biometrics.sensors.fingerprint.hidl.HidlToAidlSensorAdapter.getIBiometricsFingerprint(HidlToAidlSensorAdapter.java:210)
04-30 00:29:48.057 21412 23367 W HidlToAidlSensorAdapter: 	at com.android.server.biometrics.sensors.fingerprint.hidl.HidlToAidlSensorAdapter$$ExternalSyntheticLambda5.get(R8$$SyntheticClass:0)
04-30 00:29:48.057 21412 23367 W HidlToAidlSensorAdapter: 	at com.android.server.biometrics.sensors.fingerprint.hidl.HidlToAidlSessionAdapter.getIBiometricsFingerprint(HidlToAidlSessionAdapter.java:213)
04-30 00:29:48.057 21412 23367 W HidlToAidlSensorAdapter: 	at com.android.server.biometrics.sensors.fingerprint.hidl.FingerprintUpdateActiveUserClient.startHalOperation(FingerprintUpdateActiveUserClient.java:124)
04-30 00:29:48.057 21412 23367 W HidlToAidlSensorAdapter: 	at com.android.server.biometrics.sensors.fingerprint.hidl.FingerprintUpdateActiveUserClient.start(FingerprintUpdateActiveUserClient.java:110)
04-30 00:29:48.057 21412 23367 W HidlToAidlSensorAdapter: 	at com.android.server.biometrics.sensors.BiometricScheduler.checkCurrentUserAndStartNextOperation(BiometricScheduler.java:332)
04-30 00:29:48.057 21412 23367 W HidlToAidlSensorAdapter: 	at com.android.server.biometrics.sensors.BiometricScheduler$UserSwitchClientCallback.lambda$onClientFinished$0(BiometricScheduler.java:177)
04-30 00:29:48.057 21412 23367 W HidlToAidlSensorAdapter: 	at com.android.server.biometrics.sensors.BiometricScheduler$UserSwitchClientCallback.$r8$lambda$9uToF41kHgR_T4eWN0T0wXyfa5w(BiometricScheduler.java:0)
04-30 00:29:48.057 21412 23367 W HidlToAidlSensorAdapter: 	at com.android.server.biometrics.sensors.BiometricScheduler$UserSwitchClientCallback$$ExternalSyntheticLambda0.run(R8$$SyntheticClass:0)
04-30 00:29:48.057 21412 23367 W HidlToAidlSensorAdapter: 	at android.os.Handler.handleCallback(Handler.java:1070)
04-30 00:29:48.057 21412 23367 W HidlToAidlSensorAdapter: 	at android.os.Handler.dispatchMessage(Handler.java:125)
04-30 00:29:48.057 21412 23367 W HidlToAidlSensorAdapter: 	at android.os.Looper.dispatchMessage(Looper.java:333)
04-30 00:29:48.057 21412 23367 W HidlToAidlSensorAdapter: 	at android.os.Looper.loopOnce(Looper.java:263)
04-30 00:29:48.057 21412 23367 W HidlToAidlSensorAdapter: 	at android.os.Looper.loop(Looper.java:367)
04-30 00:29:48.057 21412 23367 W HidlToAidlSensorAdapter: 	at android.os.HandlerThread.run(HandlerThread.java:139)
04-30 00:29:48.057 21412 23367 W HidlToAidlSensorAdapter: Fingerprint HAL not available
04-30 00:29:48.057 21412 23367 E FingerprintUpdateActiveUserClient: Failed to setActiveGroup: HIDL daemon is null.
04-30 00:29:48.058 21412 23367 D BiometricScheduler: [Client finished] {[14360077] com.android.server.biometrics.sensors.fingerprint.hidl.FingerprintUpdateActiveUserClient, proto=1, owner=android, cookie=0, requestId=-1, userId=0}, success: false
04-30 00:29:48.058 21412 23367 D BiometricScheduler: [Starting User] {[14360078] com.android.server.biometrics.sensors.fingerprint.hidl.FingerprintUpdateActiveUserClient, proto=1, owner=android, cookie=0, requestId=-1, userId=0}
04-30 00:29:48.058 21412 23367 D FingerprintUpdateActiveUserClient: Setting active user: 0
04-30 00:29:48.058   490 13728 W libc    : Unable to set property "ctl.interface_start" to "android.hardware.biometrics.fingerprint@2.1::IBiometricsFingerprint/default": PROP_ERROR_HANDLE_CONTROL_MESSAGE (0x20)
04-30 00:29:48.058   490 13728 I hwservicemanager: Tried to start android.hardware.biometrics.fingerprint@2.1::IBiometricsFingerprint/default as a lazy service, but was unable to. Usually this happens when a service is not installed, but if the service is intended to be used as a lazy service, then it may be configured incorrectly.
04-30 00:29:48.058 10379 10379 D fingerprint: [silead_dev]V[silfp_dev_init:178] init
04-30 00:29:48.058 10379 10379 D fingerprint: [silead_dev]E[_dev_stub_init:154] open dev:/dev/silead_stub fail (No such file or directory), directly use silead_fp dev
04-30 00:29:46.493     1     1 E (5)[1:init]: Control message: Could not find 'android.hardware.biometrics.fingerprint@2.1::IBiometricsFingerprint/default' for ctl.interface_start from pid: 490 (/system/system_ext/bin/hwservicemanager)
04-30 00:29:46.494     1     1 E (0)[1:init]: Control message: Could not find 'android.hardware.biometrics.fingerprint@2.1::IBiometricsFingerprint/default' for ctl.interface_start from pid: 490 (/system/system_ext/bin/hwservicemanager)
04-30 00:29:46.496 10379 10379 W         : (1)[10379:android.hardwar][+silead_fp-] [silfp_ioctl] chip reset
04-30 00:29:46.496 10379 10379 W         : -(1)[10379:android.hardwar][+silead_fp-] [silfp_irq_enable] irq enabled
04-30 00:29:46.496 10379 10379 W         : (1)[10379:android.hardwar][+silead_fp-] [silfp_hw_reset] enter, port=-1
04-30 00:29:48.059   490   490 I hwservicemanager: Since android.hardware.biometrics.fingerprint@2.1::IBiometricsFingerprint/default is not registered, trying to start it as a lazy HAL (if it's not configured to be a lazy HAL, it may be stuck starting or still starting).
04-30 00:29:48.060   490 13729 W libc    : Unable to set property "ctl.interface_start" to "android.hardware.biometrics.fingerprint@2.1::IBiometricsFingerprint/default": PROP_ERROR_HANDLE_CONTROL_MESSAGE (0x20)
04-30 00:29:48.060 21412 23367 W HidlToAidlSensorAdapter: NoSuchElementException
04-30 00:29:48.060 21412 23367 W HidlToAidlSensorAdapter: java.util.NoSuchElementException
04-30 00:29:48.060 21412 23367 W HidlToAidlSensorAdapter: 	at android.os.HwBinder.getService(Native Method)
04-30 00:29:48.060 21412 23367 W HidlToAidlSensorAdapter: 	at android.os.HwBinder.getService(HwBinder.java:93)
04-30 00:29:48.060 21412 23367 W HidlToAidlSensorAdapter: 	at android.hardware.biometrics.fingerprint.V2_1.IBiometricsFingerprint.getService(IBiometricsFingerprint.java:74)
04-30 00:29:48.060 21412 23367 W HidlToAidlSensorAdapter: 	at android.hardware.biometrics.fingerprint.V2_1.IBiometricsFingerprint.getService(IBiometricsFingerprint.java:84)
04-30 00:29:48.060 21412 23367 W HidlToAidlSensorAdapter: 	at com.android.server.biometrics.sensors.fingerprint.hidl.HidlToAidlSensorAdapter.getIBiometricsFingerprint(HidlToAidlSensorAdapter.java:210)
04-30 00:29:48.060 21412 23367 W HidlToAidlSensorAdapter: 	at com.android.server.biometrics.sensors.fingerprint.hidl.HidlToAidlSensorAdapter$$ExternalSyntheticLambda5.get(R8$$SyntheticClass:0)
04-30 00:29:48.060 21412 23367 W HidlToAidlSensorAdapter: 	at com.android.server.biometrics.sensors.fingerprint.hidl.HidlToAidlSessionAdapter.setCallback(HidlToAidlSessionAdapter.java:227)
04-30 00:29:48.060 21412 23367 W HidlToAidlSensorAdapter: 	at com.android.server.biometrics.sensors.fingerprint.hidl.HidlToAidlSessionAdapter.<init>(HidlToAidlSessionAdapter.java:58)
04-30 00:29:48.060 21412 23367 W HidlToAidlSensorAdapter: 	at com.android.server.biometrics.sensors.fingerprint.aidl.AidlSession.<init>(AidlSession.java:48)
04-30 00:29:48.060 21412 23367 W HidlToAidlSensorAdapter: 	at com.android.server.biometrics.sensors.fingerprint.hidl.HidlToAidlSensorAdapter.getSession(HidlToAidlSensorAdapter.java:182)
04-30 00:29:48.060 21412 23367 W HidlToAidlSensorAdapter: 	at com.android.server.biometrics.sensors.fingerprint.hidl.HidlToAidlSensorAdapter.lambda$getFingerprintUpdateActiveUserClient$3(HidlToAidlSensorAdapter.java:273)
04-30 00:29:48.060 21412 23367 W HidlToAidlSensorAdapter: 	at com.android.server.biometrics.sensors.fingerprint.hidl.HidlToAidlSensorAdapter.$r8$lambda$hzKCz0gy8JwjgnnYzUAAoIgGgh4(HidlToAidlSensorAdapter.java:0)
04-30 00:29:48.060 21412 23367 W HidlToAidlSensorAdapter: 	at com.android.server.biometrics.sensors.fingerprint.hidl.HidlToAidlSensorAdapter$$ExternalSyntheticLambda6.get(R8$$SyntheticClass:0)
04-30 00:29:48.060 21412 23367 W HidlToAidlSensorAdapter: 	at com.android.server.biometrics.sensors.HalClientMonitor.getFreshDaemon(HalClientMonitor.java:71)
04-30 00:29:48.060 21412 23367 W HidlToAidlSensorAdapter: 	at com.android.server.biometrics.sensors.fingerprint.hidl.FingerprintUpdateActiveUserClient.startHalOperation(FingerprintUpdateActiveUserClient.java:123)
04-30 00:29:48.060 21412 23367 W HidlToAidlSensorAdapter: 	at com.android.server.biometrics.sensors.fingerprint.hidl.FingerprintUpdateActiveUserClient.start(FingerprintUpdateActiveUserClient.java:110)
04-30 00:29:48.060 21412 23367 W HidlToAidlSensorAdapter: 	at com.android.server.biometrics.sensors.BiometricScheduler.checkCurrentUserAndStartNextOperation(BiometricScheduler.java:332)
04-30 00:29:48.060 21412 23367 W HidlToAidlSensorAdapter: 	at com.android.server.biometrics.sensors.BiometricScheduler$UserSwitchClientCallback.lambda$onClientFinished$0(BiometricScheduler.java:177)
04-30 00:29:48.060 21412 23367 W HidlToAidlSensorAdapter: 	at com.android.server.biometrics.sensors.BiometricScheduler$UserSwitchClientCallback.$r8$lambda$9uToF41kHgR_T4eWN0T0wXyfa5w(BiometricScheduler.java:0)
04-30 00:29:48.060 21412 23367 W HidlToAidlSensorAdapter: 	at com.android.server.biometrics.sensors.BiometricScheduler$UserSwitchClientCallback$$ExternalSyntheticLambda0.run(R8$$SyntheticClass:0)
04-30 00:29:48.060 21412 23367 W HidlToAidlSensorAdapter: 	at android.os.Handler.handleCallback(Handler.java:1070)
04-30 00:29:48.060 21412 23367 W HidlToAidlSensorAdapter: 	at android.os.Handler.dispatchMessage(Handler.java:125)
04-30 00:29:48.060 21412 23367 W HidlToAidlSensorAdapter: 	at android.os.Looper.dispatchMessage(Looper.java:333)
04-30 00:29:48.060 21412 23367 W HidlToAidlSensorAdapter: 	at android.os.Looper.loopOnce(Looper.java:263)
04-30 00:29:48.060 21412 23367 W HidlToAidlSensorAdapter: 	at android.os.Looper.loop(Looper.java:367)
04-30 00:29:48.060 21412 23367 W HidlToAidlSensorAdapter: 	at android.os.HandlerThread.run(HandlerThread.java:139)
04-30 00:29:48.060 21412 23367 W HidlToAidlSensorAdapter: Fingerprint HAL not available
04-30 00:29:48.060   490 13729 I hwservicemanager: Tried to start android.hardware.biometrics.fingerprint@2.1::IBiometricsFingerprint/default as a lazy service, but was unable to. Usually this happens when a service is not installed, but if the service is intended to be used as a lazy service, then it may be configured incorrectly.
04-30 00:29:48.060 21412 23367 E HidlToAidlSessionAdapter: Unable to set HIDL callback. HIDL daemon is null.
04-30 00:29:48.060   490   490 I hwservicemanager: Since android.hardware.biometrics.fingerprint@2.1::IBiometricsFingerprint/default is not registered, trying to start it as a lazy HAL (if it's not configured to be a lazy HAL, it may be stuck starting or still starting).
04-30 00:29:48.061 21412 23367 W HidlToAidlSensorAdapter: NoSuchElementException
04-30 00:29:48.061 21412 23367 W HidlToAidlSensorAdapter: java.util.NoSuchElementException
04-30 00:29:48.061 21412 23367 W HidlToAidlSensorAdapter: 	at android.os.HwBinder.getService(Native Method)
04-30 00:29:48.061 21412 23367 W HidlToAidlSensorAdapter: 	at android.os.HwBinder.getService(HwBinder.java:93)
04-30 00:29:48.061 21412 23367 W HidlToAidlSensorAdapter: 	at android.hardware.biometrics.fingerprint.V2_1.IBiometricsFingerprint.getService(IBiometricsFingerprint.java:74)
04-30 00:29:48.061 21412 23367 W HidlToAidlSensorAdapter: 	at android.hardware.biometrics.fingerprint.V2_1.IBiometricsFingerprint.getService(IBiometricsFingerprint.java:84)
04-30 00:29:48.061 21412 23367 W HidlToAidlSensorAdapter: 	at com.android.server.biometrics.sensors.fingerprint.hidl.HidlToAidlSensorAdapter.getIBiometricsFingerprint(HidlToAidlSensorAdapter.java:210)
04-30 00:29:48.061 21412 23367 W HidlToAidlSensorAdapter: 	at com.android.server.biometrics.sensors.fingerprint.hidl.HidlToAidlSensorAdapter$$ExternalSyntheticLambda5.get(R8$$SyntheticClass:0)
04-30 00:29:48.061 21412 23367 W HidlToAidlSensorAdapter: 	at com.android.server.biometrics.sensors.fingerprint.hidl.HidlToAidlSessionAdapter.getIBiometricsFingerprint(HidlToAidlSessionAdapter.java:213)
04-30 00:29:48.061 21412 23367 W HidlToAidlSensorAdapter: 	at com.android.server.biometrics.sensors.fingerprint.hidl.FingerprintUpdateActiveUserClient.startHalOperation(FingerprintUpdateActiveUserClient.java:124)
04-30 00:29:48.061 21412 23367 W HidlToAidlSensorAdapter: 	at com.android.server.biometrics.sensors.fingerprint.hidl.FingerprintUpdateActiveUserClient.start(FingerprintUpdateActiveUserClient.java:110)
04-30 00:29:48.061 21412 23367 W HidlToAidlSensorAdapter: 	at com.android.server.biometrics.sensors.BiometricScheduler.checkCurrentUserAndStartNextOperation(BiometricScheduler.java:332)
04-30 00:29:48.061 21412 23367 W HidlToAidlSensorAdapter: 	at com.android.server.biometrics.sensors.BiometricScheduler$UserSwitchClientCallback.lambda$onClientFinished$0(BiometricScheduler.java:177)
04-30 00:29:48.061 21412 23367 W HidlToAidlSensorAdapter: 	at com.android.server.biometrics.sensors.BiometricScheduler$UserSwitchClientCallback.$r8$lambda$9uToF41kHgR_T4eWN0T0wXyfa5w(BiometricScheduler.java:0)
04-30 00:29:48.061 21412 23367 W HidlToAidlSensorAdapter: 	at com.android.server.biometrics.sensors.BiometricScheduler$UserSwitchClientCallback$$ExternalSyntheticLambda0.run(R8$$SyntheticClass:0)
04-30 00:29:48.061 21412 23367 W HidlToAidlSensorAdapter: 	at android.os.Handler.handleCallback(Handler.java:1070)
04-30 00:29:48.061 21412 23367 W HidlToAidlSensorAdapter: 	at android.os.Handler.dispatchMessage(Handler.java:125)
04-30 00:29:48.061 21412 23367 W HidlToAidlSensorAdapter: 	at android.os.Looper.dispatchMessage(Looper.java:333)
04-30 00:29:48.061 21412 23367 W HidlToAidlSensorAdapter: 	at android.os.Looper.loopOnce(Looper.java:263)
04-30 00:29:48.061 21412 23367 W HidlToAidlSensorAdapter: 	at android.os.Looper.loop(Looper.java:367)
04-30 00:29:48.061 21412 23367 W HidlToAidlSensorAdapter: 	at android.os.HandlerThread.run(HandlerThread.java:139)
04-30 00:29:48.061 21412 23367 W HidlToAidlSensorAdapter: Fingerprint HAL not available
04-30 00:29:48.061 21412 23367 E FingerprintUpdateActiveUserClient: Failed to setActiveGroup: HIDL daemon is null.
04-30 00:29:48.061 21412 23367 D BiometricScheduler: [Client finished] {[14360078] com.android.server.biometrics.sensors.fingerprint.hidl.FingerprintUpdateActiveUserClient, proto=1, owner=android, cookie=0, requestId=-1, userId=0}, success: false
04-30 00:29:48.062 21412 23367 D BiometricScheduler: [Starting User] {[14360079] com.android.server.biometrics.sensors.fingerprint.hidl.FingerprintUpdateActiveUserClient, proto=1, owner=android, cookie=0, requestId=-1, userId=0}
04-30 00:29:48.062   490 13730 W libc    : Unable to set property "ctl.interface_start" to "android.hardware.biometrics.fingerprint@2.1::IBiometricsFingerprint/default": PROP_ERROR_HANDLE_CONTROL_MESSAGE (0x20)
04-30 00:29:48.062 21412 23367 D FingerprintUpdateActiveUserClient: Setting active user: 0
04-30 00:29:48.062   490 13730 I hwservicemanager: Tried to start android.hardware.biometrics.fingerprint@2.1::IBiometricsFingerprint/default as a lazy service, but was unable to. Usually this happens when a service is not installed, but if the service is intended to be used as a lazy service, then it may be configured incorrectly.
04-30 00:29:46.497     1     1 E (5)[1:init]: Control message: Could not find 'android.hardware.biometrics.fingerprint@2.1::IBiometricsFingerprint/default' for ctl.interface_start from pid: 490 (/system/system_ext/bin/hwservicemanager)
04-30 00:29:46.498     1     1 E (2)[1:init]: Control message: Could not find 'android.hardware.biometrics.fingerprint@2.1::IBiometricsFingerprint/default' for ctl.interface_start from pid: 490 (/system/system_ext/bin/hwservicemanager)
04-30 00:29:48.062   490   490 I hwservicemanager: Since android.hardware.biometrics.fingerprint@2.1::IBiometricsFingerprint/default is not registered, trying to start it as a lazy HAL (if it's not configured to be a lazy HAL, it may be stuck starting or still starting).
04-30 00:29:48.064 21412 23367 W HidlToAidlSensorAdapter: NoSuchElementException
04-30 00:29:48.064 21412 23367 W HidlToAidlSensorAdapter: java.util.NoSuchElementException
04-30 00:29:48.064 21412 23367 W HidlToAidlSensorAdapter: 	at android.os.HwBinder.getService(Native Method)
04-30 00:29:48.064 21412 23367 W HidlToAidlSensorAdapter: 	at android.os.HwBinder.getService(HwBinder.java:93)
04-30 00:29:48.064 21412 23367 W HidlToAidlSensorAdapter: 	at android.hardware.biometrics.fingerprint.V2_1.IBiometricsFingerprint.getService(IBiometricsFingerprint.java:74)
04-30 00:29:48.064 21412 23367 W HidlToAidlSensorAdapter: 	at android.hardware.biometrics.fingerprint.V2_1.IBiometricsFingerprint.getService(IBiometricsFingerprint.java:84)
04-30 00:29:48.064 21412 23367 W HidlToAidlSensorAdapter: 	at com.android.server.biometrics.sensors.fingerprint.hidl.HidlToAidlSensorAdapter.getIBiometricsFingerprint(HidlToAidlSensorAdapter.java:210)
04-30 00:29:48.064 21412 23367 W HidlToAidlSensorAdapter: 	at com.android.server.biometrics.sensors.fingerprint.hidl.HidlToAidlSensorAdapter$$ExternalSyntheticLambda5.get(R8$$SyntheticClass:0)
04-30 00:29:48.064 21412 23367 W HidlToAidlSensorAdapter: 	at com.android.server.biometrics.sensors.fingerprint.hidl.HidlToAidlSessionAdapter.setCallback(HidlToAidlSessionAdapter.java:227)
04-30 00:29:48.064 21412 23367 W HidlToAidlSensorAdapter: 	at com.android.server.biometrics.sensors.fingerprint.hidl.HidlToAidlSessionAdapter.<init>(HidlToAidlSessionAdapter.java:58)
04-30 00:29:48.064 21412 23367 W HidlToAidlSensorAdapter: 	at com.android.server.biometrics.sensors.fingerprint.aidl.AidlSession.<init>(AidlSession.java:48)
04-30 00:29:48.064 21412 23367 W HidlToAidlSensorAdapter: 	at com.android.server.biometrics.sensors.fingerprint.hidl.HidlToAidlSensorAdapter.getSession(HidlToAidlSensorAdapter.java:182)
04-30 00:29:48.064 21412 23367 W HidlToAidlSensorAdapter: 	at com.android.server.biometrics.sensors.fingerprint.hidl.HidlToAidlSensorAdapter.lambda$getFingerprintUpdateActiveUserClient$3(HidlToAidlSensorAdapter.java:273)
04-30 00:29:48.064 21412 23367 W HidlToAidlSensorAdapter: 	at com.android.server.biometrics.sensors.fingerprint.hidl.HidlToAidlSensorAdapter.$r8$lambda$hzKCz0gy8JwjgnnYzUAAoIgGgh4(HidlToAidlSensorAdapter.java:0)
04-30 00:29:48.064 21412 23367 W HidlToAidlSensorAdapter: 	at com.android.server.biometrics.sensors.fingerprint.hidl.HidlToAidlSensorAdapter$$ExternalSyntheticLambda6.get(R8$$SyntheticClass:0)
04-30 00:29:48.064 21412 23367 W HidlToAidlSensorAdapter: 	at com.android.server.biometrics.sensors.HalClientMonitor.getFreshDaemon(HalClientMonitor.java:71)
04-30 00:29:48.064 21412 23367 W HidlToAidlSensorAdapter: 	at com.android.server.biometrics.sensors.fingerprint.hidl.FingerprintUpdateActiveUserClient.startHalOperation(FingerprintUpdateActiveUserClient.java:123)
04-30 00:29:48.064 21412 23367 W HidlToAidlSensorAdapter: 	at com.android.server.biometrics.sensors.fingerprint.hidl.FingerprintUpdateActiveUserClient.start(FingerprintUpdateActiveUserClient.java:110)
04-30 00:29:48.064 21412 23367 W HidlToAidlSensorAdapter: 	at com.android.server.biometrics.sensors.BiometricScheduler.checkCurrentUserAndStartNextOperation(BiometricScheduler.java:332)
04-30 00:29:48.064 21412 23367 W HidlToAidlSensorAdapter: 	at com.android.server.biometrics.sensors.BiometricScheduler$UserSwitchClientCallback.lambda$onClientFinished$0(BiometricScheduler.java:177)
04-30 00:29:48.064 21412 23367 W HidlToAidlSensorAdapter: 	at com.android.server.biometrics.sensors.BiometricScheduler$UserSwitchClientCallback.$r8$lambda$9uToF41kHgR_T4eWN0T0wXyfa5w(BiometricScheduler.java:0)
04-30 00:29:48.064 21412 23367 W HidlToAidlSensorAdapter: 	at com.android.server.biometrics.sensors.BiometricScheduler$UserSwitchClientCallback$$ExternalSyntheticLambda0.run(R8$$SyntheticClass:0)
04-30 00:29:48.064 21412 23367 W HidlToAidlSensorAdapter: 	at android.os.Handler.handleCallback(Handler.java:1070)
04-30 00:29:48.064 21412 23367 W HidlToAidlSensorAdapter: 	at android.os.Handler.dispatchMessage(Handler.java:125)
04-30 00:29:48.064 21412 23367 W HidlToAidlSensorAdapter: 	at android.os.Looper.dispatchMessage(Looper.java:333)
04-30 00:29:48.064 21412 23367 W HidlToAidlSensorAdapter: 	at android.os.Looper.loopOnce(Looper.java:263)
04-30 00:29:48.064 21412 23367 W HidlToAidlSensorAdapter: 	at android.os.Looper.loop(Looper.java:367)
04-30 00:29:48.064 21412 23367 W HidlToAidlSensorAdapter: 	at android.os.HandlerThread.run(HandlerThread.java:139)
04-30 00:29:48.064 21412 23367 W HidlToAidlSensorAdapter: Fingerprint HAL not available
04-30 00:29:48.064 21412 23367 E HidlToAidlSessionAdapter: Unable to set HIDL callback. HIDL daemon is null.
04-30 00:29:48.064   490 13731 W libc    : Unable to set property "ctl.interface_start" to "android.hardware.biometrics.fingerprint@2.1::IBiometricsFingerprint/default": PROP_ERROR_HANDLE_CONTROL_MESSAGE (0x20)
04-30 00:29:48.064   490 13731 I hwservicemanager: Tried to start android.hardware.biometrics.fingerprint@2.1::IBiometricsFingerprint/default as a lazy service, but was unable to. Usually this happens when a service is not installed, but if the service is intended to be used as a lazy service, then it may be configured incorrectly.
04-30 00:29:48.064   490   490 I hwservicemanager: Since android.hardware.biometrics.fingerprint@2.1::IBiometricsFingerprint/default is not registered, trying to start it as a lazy HAL (if it's not configured to be a lazy HAL, it may be stuck starting or still starting).
04-30 00:29:48.065 21412 23367 W HidlToAidlSensorAdapter: NoSuchElementException
04-30 00:29:48.065 21412 23367 W HidlToAidlSensorAdapter: java.util.NoSuchElementException
04-30 00:29:48.065 21412 23367 W HidlToAidlSensorAdapter: 	at android.os.HwBinder.getService(Native Method)
04-30 00:29:48.065 21412 23367 W HidlToAidlSensorAdapter: 	at android.os.HwBinder.getService(HwBinder.java:93)
04-30 00:29:48.065 21412 23367 W HidlToAidlSensorAdapter: 	at android.hardware.biometrics.fingerprint.V2_1.IBiometricsFingerprint.getService(IBiometricsFingerprint.java:74)
