04-30 00:29:48.065 21412 23367 W HidlToAidlSensorAdapter: 	at android.hardware.biometrics.fingerprint.V2_1.IBiometricsFingerprint.getService(IBiometricsFingerprint.java:84)
04-30 00:29:48.065 21412 23367 W HidlToAidlSensorAdapter: 	at com.android.server.biometrics.sensors.fingerprint.hidl.HidlToAidlSensorAdapter.getIBiometricsFingerprint(HidlToAidlSensorAdapter.java:210)
04-30 00:29:48.065 21412 23367 W HidlToAidlSensorAdapter: 	at com.android.server.biometrics.sensors.fingerprint.hidl.HidlToAidlSensorAdapter$$ExternalSyntheticLambda5.get(R8$$SyntheticClass:0)
04-30 00:29:48.065 21412 23367 W HidlToAidlSensorAdapter: 	at com.android.server.biometrics.sensors.fingerprint.hidl.HidlToAidlSessionAdapter.getIBiometricsFingerprint(HidlToAidlSessionAdapter.java:213)
04-30 00:29:48.065 21412 23367 W HidlToAidlSensorAdapter: 	at com.android.server.biometrics.sensors.fingerprint.hidl.FingerprintUpdateActiveUserClient.startHalOperation(FingerprintUpdateActiveUserClient.java:124)
04-30 00:29:48.065 21412 23367 W HidlToAidlSensorAdapter: 	at com.android.server.biometrics.sensors.fingerprint.hidl.FingerprintUpdateActiveUserClient.start(FingerprintUpdateActiveUserClient.java:110)
04-30 00:29:48.065 21412 23367 W HidlToAidlSensorAdapter: 	at com.android.server.biometrics.sensors.BiometricScheduler.checkCurrentUserAndStartNextOperation(BiometricScheduler.java:332)
04-30 00:29:48.065 21412 23367 W HidlToAidlSensorAdapter: 	at com.android.server.biometrics.sensors.BiometricScheduler$UserSwitchClientCallback.lambda$onClientFinished$0(BiometricScheduler.java:177)
04-30 00:29:48.065 21412 23367 W HidlToAidlSensorAdapter: 	at com.android.server.biometrics.sensors.BiometricScheduler$UserSwitchClientCallback.$r8$lambda$9uToF41kHgR_T4eWN0T0wXyfa5w(BiometricScheduler.java:0)
04-30 00:29:48.065 21412 23367 W HidlToAidlSensorAdapter: 	at com.android.server.biometrics.sensors.BiometricScheduler$UserSwitchClientCallback$$ExternalSyntheticLambda0.run(R8$$SyntheticClass:0)
04-30 00:29:48.065 21412 23367 W HidlToAidlSensorAdapter: 	at android.os.Handler.handleCallback(Handler.java:1070)
04-30 00:29:48.065 21412 23367 W HidlToAidlSensorAdapter: 	at android.os.Handler.dispatchMessage(Handler.java:125)
04-30 00:29:48.065 21412 23367 W HidlToAidlSensorAdapter: 	at android.os.Looper.dispatchMessage(Looper.java:333)
04-30 00:29:48.065 21412 23367 W HidlToAidlSensorAdapter: 	at android.os.Looper.loopOnce(Looper.java:263)
04-30 00:29:48.065 21412 23367 W HidlToAidlSensorAdapter: 	at android.os.Looper.loop(Looper.java:367)
04-30 00:29:48.065 21412 23367 W HidlToAidlSensorAdapter: 	at android.os.HandlerThread.run(HandlerThread.java:139)
04-30 00:29:48.065 21412 23367 W HidlToAidlSensorAdapter: Fingerprint HAL not available
04-30 00:29:48.065 21412 23367 E FingerprintUpdateActiveUserClient: Failed to setActiveGroup: HIDL daemon is null.
04-30 00:29:48.066 21412 23367 D BiometricScheduler: [Client finished] {[14360079] com.android.server.biometrics.sensors.fingerprint.hidl.FingerprintUpdateActiveUserClient, proto=1, owner=android, cookie=0, requestId=-1, userId=0}, success: false
04-30 00:29:48.066 21412 23367 D BiometricScheduler: [Starting User] {[14360080] com.android.server.biometrics.sensors.fingerprint.hidl.FingerprintUpdateActiveUserClient, proto=1, owner=android, cookie=0, requestId=-1, userId=0}
04-30 00:29:48.066   490 13732 W libc    : Unable to set property "ctl.interface_start" to "android.hardware.biometrics.fingerprint@2.1::IBiometricsFingerprint/default": PROP_ERROR_HANDLE_CONTROL_MESSAGE (0x20)
04-30 00:29:48.066 21412 23367 D FingerprintUpdateActiveUserClient: Setting active user: 0
04-30 00:29:48.066   490 13732 I hwservicemanager: Tried to start android.hardware.biometrics.fingerprint@2.1::IBiometricsFingerprint/default as a lazy service, but was unable to. Usually this happens when a service is not installed, but if the service is intended to be used as a lazy service, then it may be configured incorrectly.
04-30 00:29:46.501     1     1 E (2)[1:init]: Control message: Could not find 'android.hardware.biometrics.fingerprint@2.1::IBiometricsFingerprint/default' for ctl.interface_start from pid: 490 (/system/system_ext/bin/hwservicemanager)
04-30 00:29:46.502     1     1 E (3)[1:init]: Control message: Could not find 'android.hardware.biometrics.fingerprint@2.1::IBiometricsFingerprint/default' for ctl.interface_start from pid: 490 (/system/system_ext/bin/hwservicemanager)
04-30 00:29:46.504 10379 10379 W         : -(1)[10379:android.hardwar][+silead_fp-] [silfp_irq_disable] irq disabled
04-30 00:29:46.504 10379 10379 W         : (1)[10379:android.hardwar][+silead_fp-] [silfp_ioctl] acq spi
04-30 00:29:46.504 10379 10379 W         : (1)[10379:android.hardwar][+silead_fp-] [silfp_set_spi] done (0).
04-30 00:29:48.066   490   490 I hwservicemanager: Since android.hardware.biometrics.fingerprint@2.1::IBiometricsFingerprint/default is not registered, trying to start it as a lazy HAL (if it's not configured to be a lazy HAL, it may be stuck starting or still starting).
04-30 00:29:48.067 10379 10379 D fingerprint: [silead_dev]V[silfp_dev_enable:86] acq spi
04-30 00:29:48.067 10379 10379 D fingerprint: [silead_ca_entry]D[silfp_ca_send_modified_command:102] > 0x20 (SET_SPI_DEV) [14 0 0x0:0x0]
04-30 00:29:48.068 21412 23367 W HidlToAidlSensorAdapter: NoSuchElementException
04-30 00:29:48.068 21412 23367 W HidlToAidlSensorAdapter: java.util.NoSuchElementException
04-30 00:29:48.068 21412 23367 W HidlToAidlSensorAdapter: 	at android.os.HwBinder.getService(Native Method)
04-30 00:29:48.068 21412 23367 W HidlToAidlSensorAdapter: 	at android.os.HwBinder.getService(HwBinder.java:93)
04-30 00:29:48.068 21412 23367 W HidlToAidlSensorAdapter: 	at android.hardware.biometrics.fingerprint.V2_1.IBiometricsFingerprint.getService(IBiometricsFingerprint.java:74)
04-30 00:29:48.068 21412 23367 W HidlToAidlSensorAdapter: 	at android.hardware.biometrics.fingerprint.V2_1.IBiometricsFingerprint.getService(IBiometricsFingerprint.java:84)
04-30 00:29:48.068 21412 23367 W HidlToAidlSensorAdapter: 	at com.android.server.biometrics.sensors.fingerprint.hidl.HidlToAidlSensorAdapter.getIBiometricsFingerprint(HidlToAidlSensorAdapter.java:210)
04-30 00:29:48.068 21412 23367 W HidlToAidlSensorAdapter: 	at com.android.server.biometrics.sensors.fingerprint.hidl.HidlToAidlSensorAdapter$$ExternalSyntheticLambda5.get(R8$$SyntheticClass:0)
04-30 00:29:48.068 21412 23367 W HidlToAidlSensorAdapter: 	at com.android.server.biometrics.sensors.fingerprint.hidl.HidlToAidlSessionAdapter.setCallback(HidlToAidlSessionAdapter.java:227)
04-30 00:29:48.068 21412 23367 W HidlToAidlSensorAdapter: 	at com.android.server.biometrics.sensors.fingerprint.hidl.HidlToAidlSessionAdapter.<init>(HidlToAidlSessionAdapter.java:58)
04-30 00:29:48.068 21412 23367 W HidlToAidlSensorAdapter: 	at com.android.server.biometrics.sensors.fingerprint.aidl.AidlSession.<init>(AidlSession.java:48)
04-30 00:29:48.068 21412 23367 W HidlToAidlSensorAdapter: 	at com.android.server.biometrics.sensors.fingerprint.hidl.HidlToAidlSensorAdapter.getSession(HidlToAidlSensorAdapter.java:182)
04-30 00:29:48.068 21412 23367 W HidlToAidlSensorAdapter: 	at com.android.server.biometrics.sensors.fingerprint.hidl.HidlToAidlSensorAdapter.lambda$getFingerprintUpdateActiveUserClient$3(HidlToAidlSensorAdapter.java:273)
04-30 00:29:48.068 21412 23367 W HidlToAidlSensorAdapter: 	at com.android.server.biometrics.sensors.fingerprint.hidl.HidlToAidlSensorAdapter.$r8$lambda$hzKCz0gy8JwjgnnYzUAAoIgGgh4(HidlToAidlSensorAdapter.java:0)
04-30 00:29:48.068 21412 23367 W HidlToAidlSensorAdapter: 	at com.android.server.biometrics.sensors.fingerprint.hidl.HidlToAidlSensorAdapter$$ExternalSyntheticLambda6.get(R8$$SyntheticClass:0)
04-30 00:29:48.068 21412 23367 W HidlToAidlSensorAdapter: 	at com.android.server.biometrics.sensors.HalClientMonitor.getFreshDaemon(HalClientMonitor.java:71)
04-30 00:29:48.068 21412 23367 W HidlToAidlSensorAdapter: 	at com.android.server.biometrics.sensors.fingerprint.hidl.FingerprintUpdateActiveUserClient.startHalOperation(FingerprintUpdateActiveUserClient.java:123)
04-30 00:29:48.068 21412 23367 W HidlToAidlSensorAdapter: 	at com.android.server.biometrics.sensors.fingerprint.hidl.FingerprintUpdateActiveUserClient.start(FingerprintUpdateActiveUserClient.java:110)
04-30 00:29:48.068 21412 23367 W HidlToAidlSensorAdapter: 	at com.android.server.biometrics.sensors.BiometricScheduler.checkCurrentUserAndStartNextOperation(BiometricScheduler.java:332)
04-30 00:29:48.068 21412 23367 W HidlToAidlSensorAdapter: 	at com.android.server.biometrics.sensors.BiometricScheduler$UserSwitchClientCallback.lambda$onClientFinished$0(BiometricScheduler.java:177)
04-30 00:29:48.068 21412 23367 W HidlToAidlSensorAdapter: 	at com.android.server.biometrics.sensors.BiometricScheduler$UserSwitchClientCallback.$r8$lambda$9uToF41kHgR_T4eWN0T0wXyfa5w(BiometricScheduler.java:0)
04-30 00:29:48.068 21412 23367 W HidlToAidlSensorAdapter: 	at com.android.server.biometrics.sensors.BiometricScheduler$UserSwitchClientCallback$$ExternalSyntheticLambda0.run(R8$$SyntheticClass:0)
04-30 00:29:48.068 21412 23367 W HidlToAidlSensorAdapter: 	at android.os.Handler.handleCallback(Handler.java:1070)
04-30 00:29:48.068 21412 23367 W HidlToAidlSensorAdapter: 	at android.os.Handler.dispatchMessage(Handler.java:125)
04-30 00:29:48.068 21412 23367 W HidlToAidlSensorAdapter: 	at android.os.Looper.dispatchMessage(Looper.java:333)
04-30 00:29:48.068 21412 23367 W HidlToAidlSensorAdapter: 	at android.os.Looper.loopOnce(Looper.java:263)
04-30 00:29:48.068 21412 23367 W HidlToAidlSensorAdapter: 	at android.os.Looper.loop(Looper.java:367)
04-30 00:29:48.068 21412 23367 W HidlToAidlSensorAdapter: 	at android.os.HandlerThread.run(HandlerThread.java:139)
04-30 00:29:48.068 21412 23367 W HidlToAidlSensorAdapter: Fingerprint HAL not available
04-30 00:29:48.068 21412 23367 E HidlToAidlSessionAdapter: Unable to set HIDL callback. HIDL daemon is null.
04-30 00:29:48.068   490 13733 W libc    : Unable to set property "ctl.interface_start" to "android.hardware.biometrics.fingerprint@2.1::IBiometricsFingerprint/default": PROP_ERROR_HANDLE_CONTROL_MESSAGE (0x20)
04-30 00:29:48.068   490 13733 I hwservicemanager: Tried to start android.hardware.biometrics.fingerprint@2.1::IBiometricsFingerprint/default as a lazy service, but was unable to. Usually this happens when a service is not installed, but if the service is intended to be used as a lazy service, then it may be configured incorrectly.
04-30 00:29:46.505     1     1 E (3)[1:init]: Control message: Could not find 'android.hardware.biometrics.fingerprint@2.1::IBiometricsFingerprint/default' for ctl.interface_start from pid: 490 (/system/system_ext/bin/hwservicemanager)
04-30 00:29:48.069   490   490 I hwservicemanager: Since android.hardware.biometrics.fingerprint@2.1::IBiometricsFingerprint/default is not registered, trying to start it as a lazy HAL (if it's not configured to be a lazy HAL, it may be stuck starting or still starting).
04-30 00:29:48.071 10379 10379 D fingerprint: [silead_ca_entry]D[silfp_ca_send_modified_command:106] < 0x20 0 (SUCCESS) [0x0:0x0]
04-30 00:29:48.071 10379 10379 D fingerprint: [silead_ca_entry]D[silfp_ca_send_normal_command:123] > 0xe (INIT) [0x80064:0x7a1200:0x1000:0x0]
04-30 00:29:48.072 21412 23367 W HidlToAidlSensorAdapter: NoSuchElementException
04-30 00:29:48.072 21412 23367 W HidlToAidlSensorAdapter: java.util.NoSuchElementException
04-30 00:29:48.072 21412 23367 W HidlToAidlSensorAdapter: 	at android.os.HwBinder.getService(Native Method)
04-30 00:29:48.072 21412 23367 W HidlToAidlSensorAdapter: 	at android.os.HwBinder.getService(HwBinder.java:93)
04-30 00:29:48.072 21412 23367 W HidlToAidlSensorAdapter: 	at android.hardware.biometrics.fingerprint.V2_1.IBiometricsFingerprint.getService(IBiometricsFingerprint.java:74)
04-30 00:29:48.072 21412 23367 W HidlToAidlSensorAdapter: 	at android.hardware.biometrics.fingerprint.V2_1.IBiometricsFingerprint.getService(IBiometricsFingerprint.java:84)
04-30 00:29:48.072 21412 23367 W HidlToAidlSensorAdapter: 	at com.android.server.biometrics.sensors.fingerprint.hidl.HidlToAidlSensorAdapter.getIBiometricsFingerprint(HidlToAidlSensorAdapter.java:210)
04-30 00:29:48.072 21412 23367 W HidlToAidlSensorAdapter: 	at com.android.server.biometrics.sensors.fingerprint.hidl.HidlToAidlSensorAdapter$$ExternalSyntheticLambda5.get(R8$$SyntheticClass:0)
04-30 00:29:48.072 21412 23367 W HidlToAidlSensorAdapter: 	at com.android.server.biometrics.sensors.fingerprint.hidl.HidlToAidlSessionAdapter.getIBiometricsFingerprint(HidlToAidlSessionAdapter.java:213)
04-30 00:29:48.072 21412 23367 W HidlToAidlSensorAdapter: 	at com.android.server.biometrics.sensors.fingerprint.hidl.FingerprintUpdateActiveUserClient.startHalOperation(FingerprintUpdateActiveUserClient.java:124)
04-30 00:29:48.072 21412 23367 W HidlToAidlSensorAdapter: 	at com.android.server.biometrics.sensors.fingerprint.hidl.FingerprintUpdateActiveUserClient.start(FingerprintUpdateActiveUserClient.java:110)
04-30 00:29:48.072 21412 23367 W HidlToAidlSensorAdapter: 	at com.android.server.biometrics.sensors.BiometricScheduler.checkCurrentUserAndStartNextOperation(BiometricScheduler.java:332)
04-30 00:29:48.072 21412 23367 W HidlToAidlSensorAdapter: 	at com.android.server.biometrics.sensors.BiometricScheduler$UserSwitchClientCallback.lambda$onClientFinished$0(BiometricScheduler.java:177)
04-30 00:29:48.072 21412 23367 W HidlToAidlSensorAdapter: 	at com.android.server.biometrics.sensors.BiometricScheduler$UserSwitchClientCallback.$r8$lambda$9uToF41kHgR_T4eWN0T0wXyfa5w(BiometricScheduler.java:0)
04-30 00:29:48.072 21412 23367 W HidlToAidlSensorAdapter: 	at com.android.server.biometrics.sensors.BiometricScheduler$UserSwitchClientCallback$$ExternalSyntheticLambda0.run(R8$$SyntheticClass:0)
04-30 00:29:48.072 21412 23367 W HidlToAidlSensorAdapter: 	at android.os.Handler.handleCallback(Handler.java:1070)
04-30 00:29:48.072 21412 23367 W HidlToAidlSensorAdapter: 	at android.os.Handler.dispatchMessage(Handler.java:125)
04-30 00:29:48.072 21412 23367 W HidlToAidlSensorAdapter: 	at android.os.Looper.dispatchMessage(Looper.java:333)
04-30 00:29:48.072 21412 23367 W HidlToAidlSensorAdapter: 	at android.os.Looper.loopOnce(Looper.java:263)
04-30 00:29:48.072 21412 23367 W HidlToAidlSensorAdapter: 	at android.os.Looper.loop(Looper.java:367)
04-30 00:29:48.072 21412 23367 W HidlToAidlSensorAdapter: 	at android.os.HandlerThread.run(HandlerThread.java:139)
04-30 00:29:48.072   490 13734 W libc    : Unable to set property "ctl.interface_start" to "android.hardware.biometrics.fingerprint@2.1::IBiometricsFingerprint/default": PROP_ERROR_HANDLE_CONTROL_MESSAGE (0x20)
04-30 00:29:48.072 21412 23367 W HidlToAidlSensorAdapter: Fingerprint HAL not available
04-30 00:29:48.072 21412 23367 E FingerprintUpdateActiveUserClient: Failed to setActiveGroup: HIDL daemon is null.
04-30 00:29:48.072   490 13734 I hwservicemanager: Tried to start android.hardware.biometrics.fingerprint@2.1::IBiometricsFingerprint/default as a lazy service, but was unable to. Usually this happens when a service is not installed, but if the service is intended to be used as a lazy service, then it may be configured incorrectly.
04-30 00:29:48.072 21412 23367 D BiometricScheduler: [Client finished] {[14360080] com.android.server.biometrics.sensors.fingerprint.hidl.FingerprintUpdateActiveUserClient, proto=1, owner=android, cookie=0, requestId=-1, userId=0}, success: false
04-30 00:29:48.072 21412 23367 D BiometricScheduler: [Starting User] {[14360081] com.android.server.biometrics.sensors.fingerprint.hidl.FingerprintUpdateActiveUserClient, proto=1, owner=android, cookie=0, requestId=-1, userId=0}
04-30 00:29:48.072 21412 23367 D FingerprintUpdateActiveUserClient: Setting active user: 0
04-30 00:29:48.073   490   490 I hwservicemanager: Since android.hardware.biometrics.fingerprint@2.1::IBiometricsFingerprint/default is not registered, trying to start it as a lazy HAL (if it's not configured to be a lazy HAL, it may be stuck starting or still starting).
04-30 00:29:48.073 10379 10379 D fingerprint: [silead_ca_entry]D[silfp_ca_send_normal_command:127] < 0xe -1007(CONFIG_INVALID) [0x0:0x0:0x80000000]
04-30 00:29:48.073 10379 10379 D fingerprint: [silead_dev]V[silfp_dev_disable:114] release spi
04-30 00:29:48.073 10379 10379 D fingerprint: [silead_impl]I[_impl_init:851] chipid=0,0,0 0 (-1007)
04-30 00:29:48.074 10379 10379 D fingerprint: [silead_impl]E[_impl_init:853] chipid=0,0,0 0 (-1007)
04-30 00:29:48.074 21412 23367 W HidlToAidlSensorAdapter: NoSuchElementException
04-30 00:29:48.074 21412 23367 W HidlToAidlSensorAdapter: java.util.NoSuchElementException
04-30 00:29:48.074 21412 23367 W HidlToAidlSensorAdapter: 	at android.os.HwBinder.getService(Native Method)
04-30 00:29:48.074 21412 23367 W HidlToAidlSensorAdapter: 	at android.os.HwBinder.getService(HwBinder.java:93)
04-30 00:29:48.074 21412 23367 W HidlToAidlSensorAdapter: 	at android.hardware.biometrics.fingerprint.V2_1.IBiometricsFingerprint.getService(IBiometricsFingerprint.java:74)
04-30 00:29:48.074 21412 23367 W HidlToAidlSensorAdapter: 	at android.hardware.biometrics.fingerprint.V2_1.IBiometricsFingerprint.getService(IBiometricsFingerprint.java:84)
04-30 00:29:48.074 21412 23367 W HidlToAidlSensorAdapter: 	at com.android.server.biometrics.sensors.fingerprint.hidl.HidlToAidlSensorAdapter.getIBiometricsFingerprint(HidlToAidlSensorAdapter.java:210)
04-30 00:29:48.074 21412 23367 W HidlToAidlSensorAdapter: 	at com.android.server.biometrics.sensors.fingerprint.hidl.HidlToAidlSensorAdapter$$ExternalSyntheticLambda5.get(R8$$SyntheticClass:0)
04-30 00:29:48.074 21412 23367 W HidlToAidlSensorAdapter: 	at com.android.server.biometrics.sensors.fingerprint.hidl.HidlToAidlSessionAdapter.setCallback(HidlToAidlSessionAdapter.java:227)
04-30 00:29:48.074 21412 23367 W HidlToAidlSensorAdapter: 	at com.android.server.biometrics.sensors.fingerprint.hidl.HidlToAidlSessionAdapter.<init>(HidlToAidlSessionAdapter.java:58)
04-30 00:29:48.074 21412 23367 W HidlToAidlSensorAdapter: 	at com.android.server.biometrics.sensors.fingerprint.aidl.AidlSession.<init>(AidlSession.java:48)
04-30 00:29:48.074 21412 23367 W HidlToAidlSensorAdapter: 	at com.android.server.biometrics.sensors.fingerprint.hidl.HidlToAidlSensorAdapter.getSession(HidlToAidlSensorAdapter.java:182)
04-30 00:29:48.074 21412 23367 W HidlToAidlSensorAdapter: 	at com.android.server.biometrics.sensors.fingerprint.hidl.HidlToAidlSensorAdapter.lambda$getFingerprintUpdateActiveUserClient$3(HidlToAidlSensorAdapter.java:273)
04-30 00:29:48.074 21412 23367 W HidlToAidlSensorAdapter: 	at com.android.server.biometrics.sensors.fingerprint.hidl.HidlToAidlSensorAdapter.$r8$lambda$hzKCz0gy8JwjgnnYzUAAoIgGgh4(HidlToAidlSensorAdapter.java:0)
04-30 00:29:48.074 21412 23367 W HidlToAidlSensorAdapter: 	at com.android.server.biometrics.sensors.fingerprint.hidl.HidlToAidlSensorAdapter$$ExternalSyntheticLambda6.get(R8$$SyntheticClass:0)
04-30 00:29:48.074 21412 23367 W HidlToAidlSensorAdapter: 	at com.android.server.biometrics.sensors.HalClientMonitor.getFreshDaemon(HalClientMonitor.java:71)
04-30 00:29:48.074 21412 23367 W HidlToAidlSensorAdapter: 	at com.android.server.biometrics.sensors.fingerprint.hidl.FingerprintUpdateActiveUserClient.startHalOperation(FingerprintUpdateActiveUserClient.java:123)
04-30 00:29:48.074 21412 23367 W HidlToAidlSensorAdapter: 	at com.android.server.biometrics.sensors.fingerprint.hidl.FingerprintUpdateActiveUserClient.start(FingerprintUpdateActiveUserClient.java:110)
04-30 00:29:48.074 21412 23367 W HidlToAidlSensorAdapter: 	at com.android.server.biometrics.sensors.BiometricScheduler.checkCurrentUserAndStartNextOperation(BiometricScheduler.java:332)
04-30 00:29:48.074 21412 23367 W HidlToAidlSensorAdapter: 	at com.android.server.biometrics.sensors.BiometricScheduler$UserSwitchClientCallback.lambda$onClientFinished$0(BiometricScheduler.java:177)
04-30 00:29:48.074 21412 23367 W HidlToAidlSensorAdapter: 	at com.android.server.biometrics.sensors.BiometricScheduler$UserSwitchClientCallback.$r8$lambda$9uToF41kHgR_T4eWN0T0wXyfa5w(BiometricScheduler.java:0)
04-30 00:29:48.074 21412 23367 W HidlToAidlSensorAdapter: 	at com.android.server.biometrics.sensors.BiometricScheduler$UserSwitchClientCallback$$ExternalSyntheticLambda0.run(R8$$SyntheticClass:0)
04-30 00:29:48.074 21412 23367 W HidlToAidlSensorAdapter: 	at android.os.Handler.handleCallback(Handler.java:1070)
04-30 00:29:48.074 21412 23367 W HidlToAidlSensorAdapter: 	at android.os.Handler.dispatchMessage(Handler.java:125)
04-30 00:29:48.074 21412 23367 W HidlToAidlSensorAdapter: 	at android.os.Looper.dispatchMessage(Looper.java:333)
04-30 00:29:48.074 21412 23367 W HidlToAidlSensorAdapter: 	at android.os.Looper.loopOnce(Looper.java:263)
04-30 00:29:48.074 21412 23367 W HidlToAidlSensorAdapter: 	at android.os.Looper.loop(Looper.java:367)
04-30 00:29:48.074 21412 23367 W HidlToAidlSensorAdapter: 	at android.os.HandlerThread.run(HandlerThread.java:139)
04-30 00:29:48.074 21412 23367 W HidlToAidlSensorAdapter: Fingerprint HAL not available
04-30 00:29:48.074 21412 23367 E HidlToAidlSessionAdapter: Unable to set HIDL callback. HIDL daemon is null.
04-30 00:29:46.509     1     1 E (0)[1:init]: Control message: Could not find 'android.hardware.biometrics.fingerprint@2.1::IBiometricsFingerprint/default' for ctl.interface_start from pid: 490 (/system/system_ext/bin/hwservicemanager)
04-30 00:29:46.511 10379 10379 W         : (3)[10379:android.hardwar][+silead_fp-] [silfp_ioctl] release spi
04-30 00:29:46.511 10379 10379 W         : (3)[10379:android.hardwar][+silead_fp-] [silfp_set_spi] done (0).
04-30 00:29:46.511     1     1 E (0)[1:init]: Control message: Could not find 'android.hardware.biometrics.fingerprint@2.1::IBiometricsFingerprint/default' for ctl.interface_start from pid: 490 (/system/system_ext/bin/hwservicemanager)
04-30 00:29:48.074   490 13735 W libc    : Unable to set property "ctl.interface_start" to "android.hardware.biometrics.fingerprint@2.1::IBiometricsFingerprint/default": PROP_ERROR_HANDLE_CONTROL_MESSAGE (0x20)
04-30 00:29:48.075   490 13735 I hwservicemanager: Tried to start android.hardware.biometrics.fingerprint@2.1::IBiometricsFingerprint/default as a lazy service, but was unable to. Usually this happens when a service is not installed, but if the service is intended to be used as a lazy service, then it may be configured incorrectly.
04-30 00:29:48.075   490   490 I hwservicemanager: Since android.hardware.biometrics.fingerprint@2.1::IBiometricsFingerprint/default is not registered, trying to start it as a lazy HAL (if it's not configured to be a lazy HAL, it may be stuck starting or still starting).
04-30 00:29:48.076   490 13736 W libc    : Unable to set property "ctl.interface_start" to "android.hardware.biometrics.fingerprint@2.1::IBiometricsFingerprint/default": PROP_ERROR_HANDLE_CONTROL_MESSAGE (0x20)
04-30 00:29:48.076 21412 23367 W HidlToAidlSensorAdapter: NoSuchElementException
04-30 00:29:48.076 21412 23367 W HidlToAidlSensorAdapter: java.util.NoSuchElementException
04-30 00:29:48.076 21412 23367 W HidlToAidlSensorAdapter: 	at android.os.HwBinder.getService(Native Method)
04-30 00:29:48.076 21412 23367 W HidlToAidlSensorAdapter: 	at android.os.HwBinder.getService(HwBinder.java:93)
04-30 00:29:48.076 21412 23367 W HidlToAidlSensorAdapter: 	at android.hardware.biometrics.fingerprint.V2_1.IBiometricsFingerprint.getService(IBiometricsFingerprint.java:74)
04-30 00:29:48.076 21412 23367 W HidlToAidlSensorAdapter: 	at android.hardware.biometrics.fingerprint.V2_1.IBiometricsFingerprint.getService(IBiometricsFingerprint.java:84)
04-30 00:29:48.076 21412 23367 W HidlToAidlSensorAdapter: 	at com.android.server.biometrics.sensors.fingerprint.hidl.HidlToAidlSensorAdapter.getIBiometricsFingerprint(HidlToAidlSensorAdapter.java:210)
04-30 00:29:48.076 21412 23367 W HidlToAidlSensorAdapter: 	at com.android.server.biometrics.sensors.fingerprint.hidl.HidlToAidlSensorAdapter$$ExternalSyntheticLambda5.get(R8$$SyntheticClass:0)
04-30 00:29:48.076 21412 23367 W HidlToAidlSensorAdapter: 	at com.android.server.biometrics.sensors.fingerprint.hidl.HidlToAidlSessionAdapter.getIBiometricsFingerprint(HidlToAidlSessionAdapter.java:213)
04-30 00:29:48.076 21412 23367 W HidlToAidlSensorAdapter: 	at com.android.server.biometrics.sensors.fingerprint.hidl.FingerprintUpdateActiveUserClient.startHalOperation(FingerprintUpdateActiveUserClient.java:124)
04-30 00:29:48.076 21412 23367 W HidlToAidlSensorAdapter: 	at com.android.server.biometrics.sensors.fingerprint.hidl.FingerprintUpdateActiveUserClient.start(FingerprintUpdateActiveUserClient.java:110)
04-30 00:29:48.076 21412 23367 W HidlToAidlSensorAdapter: 	at com.android.server.biometrics.sensors.BiometricScheduler.checkCurrentUserAndStartNextOperation(BiometricScheduler.java:332)
04-30 00:29:48.076 21412 23367 W HidlToAidlSensorAdapter: 	at com.android.server.biometrics.sensors.BiometricScheduler$UserSwitchClientCallback.lambda$onClientFinished$0(BiometricScheduler.java:177)
04-30 00:29:48.076 21412 23367 W HidlToAidlSensorAdapter: 	at com.android.server.biometrics.sensors.BiometricScheduler$UserSwitchClientCallback.$r8$lambda$9uToF41kHgR_T4eWN0T0wXyfa5w(BiometricScheduler.java:0)
04-30 00:29:48.076 21412 23367 W HidlToAidlSensorAdapter: 	at com.android.server.biometrics.sensors.BiometricScheduler$UserSwitchClientCallback$$ExternalSyntheticLambda0.run(R8$$SyntheticClass:0)
04-30 00:29:48.076 21412 23367 W HidlToAidlSensorAdapter: 	at android.os.Handler.handleCallback(Handler.java:1070)
04-30 00:29:48.076 21412 23367 W HidlToAidlSensorAdapter: 	at android.os.Handler.dispatchMessage(Handler.java:125)
04-30 00:29:48.076 21412 23367 W HidlToAidlSensorAdapter: 	at android.os.Looper.dispatchMessage(Looper.java:333)
04-30 00:29:48.076 21412 23367 W HidlToAidlSensorAdapter: 	at android.os.Looper.loopOnce(Looper.java:263)
04-30 00:29:48.076 21412 23367 W HidlToAidlSensorAdapter: 	at android.os.Looper.loop(Looper.java:367)
04-30 00:29:48.076 21412 23367 W HidlToAidlSensorAdapter: 	at android.os.HandlerThread.run(HandlerThread.java:139)
04-30 00:29:48.076 21412 23367 W HidlToAidlSensorAdapter: Fingerprint HAL not available
04-30 00:29:48.076 21412 23367 E FingerprintUpdateActiveUserClient: Failed to setActiveGroup: HIDL daemon is null.
04-30 00:29:48.076   490 13736 I hwservicemanager: Tried to start android.hardware.biometrics.fingerprint@2.1::IBiometricsFingerprint/default as a lazy service, but was unable to. Usually this happens when a service is not installed, but if the service is intended to be used as a lazy service, then it may be configured incorrectly.
04-30 00:29:48.076 21412 23367 D BiometricScheduler: [Client finished] {[14360081] com.android.server.biometrics.sensors.fingerprint.hidl.FingerprintUpdateActiveUserClient, proto=1, owner=android, cookie=0, requestId=-1, userId=0}, success: false
04-30 00:29:48.076 21412 23367 D BiometricScheduler: [Starting User] {[14360082] com.android.server.biometrics.sensors.fingerprint.hidl.FingerprintUpdateActiveUserClient, proto=1, owner=android, cookie=0, requestId=-1, userId=0}
04-30 00:29:48.076 21412 23367 D FingerprintUpdateActiveUserClient: Setting active user: 0
04-30 00:29:48.077   490   490 I hwservicemanager: Since android.hardware.biometrics.fingerprint@2.1::IBiometricsFingerprint/default is not registered, trying to start it as a lazy HAL (if it's not configured to be a lazy HAL, it may be stuck starting or still starting).
04-30 00:29:46.513     1     1 E (1)[1:init]: Control message: Could not find 'android.hardware.biometrics.fingerprint@2.1::IBiometricsFingerprint/default' for ctl.interface_start from pid: 490 (/system/system_ext/bin/hwservicemanager)
04-30 00:29:46.515     1     1 E (1)[1:init]: Control message: Could not find 'android.hardware.biometrics.fingerprint@2.1::IBiometricsFingerprint/default' for ctl.interface_start from pid: 490 (/system/system_ext/bin/hwservicemanager)
04-30 00:29:48.078 21412 23367 W HidlToAidlSensorAdapter: NoSuchElementException
04-30 00:29:48.078 21412 23367 W HidlToAidlSensorAdapter: java.util.NoSuchElementException
04-30 00:29:48.078 21412 23367 W HidlToAidlSensorAdapter: 	at android.os.HwBinder.getService(Native Method)
04-30 00:29:48.078 21412 23367 W HidlToAidlSensorAdapter: 	at android.os.HwBinder.getService(HwBinder.java:93)
04-30 00:29:48.078 21412 23367 W HidlToAidlSensorAdapter: 	at android.hardware.biometrics.fingerprint.V2_1.IBiometricsFingerprint.getService(IBiometricsFingerprint.java:74)
04-30 00:29:48.078 21412 23367 W HidlToAidlSensorAdapter: 	at android.hardware.biometrics.fingerprint.V2_1.IBiometricsFingerprint.getService(IBiometricsFingerprint.java:84)
04-30 00:29:48.078 21412 23367 W HidlToAidlSensorAdapter: 	at com.android.server.biometrics.sensors.fingerprint.hidl.HidlToAidlSensorAdapter.getIBiometricsFingerprint(HidlToAidlSensorAdapter.java:210)
04-30 00:29:48.078 21412 23367 W HidlToAidlSensorAdapter: 	at com.android.server.biometrics.sensors.fingerprint.hidl.HidlToAidlSensorAdapter$$ExternalSyntheticLambda5.get(R8$$SyntheticClass:0)
04-30 00:29:48.078 21412 23367 W HidlToAidlSensorAdapter: 	at com.android.server.biometrics.sensors.fingerprint.hidl.HidlToAidlSessionAdapter.setCallback(HidlToAidlSessionAdapter.java:227)
04-30 00:29:48.078 21412 23367 W HidlToAidlSensorAdapter: 	at com.android.server.biometrics.sensors.fingerprint.hidl.HidlToAidlSessionAdapter.<init>(HidlToAidlSessionAdapter.java:58)
04-30 00:29:48.078 21412 23367 W HidlToAidlSensorAdapter: 	at com.android.server.biometrics.sensors.fingerprint.aidl.AidlSession.<init>(AidlSession.java:48)
04-30 00:29:48.078 21412 23367 W HidlToAidlSensorAdapter: 	at com.android.server.biometrics.sensors.fingerprint.hidl.HidlToAidlSensorAdapter.getSession(HidlToAidlSensorAdapter.java:182)
04-30 00:29:48.078 21412 23367 W HidlToAidlSensorAdapter: 	at com.android.server.biometrics.sensors.fingerprint.hidl.HidlToAidlSensorAdapter.lambda$getFingerprintUpdateActiveUserClient$3(HidlToAidlSensorAdapter.java:273)
04-30 00:29:48.078 21412 23367 W HidlToAidlSensorAdapter: 	at com.android.server.biometrics.sensors.fingerprint.hidl.HidlToAidlSensorAdapter.$r8$lambda$hzKCz0gy8JwjgnnYzUAAoIgGgh4(HidlToAidlSensorAdapter.java:0)
04-30 00:29:48.078 21412 23367 W HidlToAidlSensorAdapter: 	at com.android.server.biometrics.sensors.fingerprint.hidl.HidlToAidlSensorAdapter$$ExternalSyntheticLambda6.get(R8$$SyntheticClass:0)
04-30 00:29:48.078 21412 23367 W HidlToAidlSensorAdapter: 	at com.android.server.biometrics.sensors.HalClientMonitor.getFreshDaemon(HalClientMonitor.java:71)
04-30 00:29:48.078 21412 23367 W HidlToAidlSensorAdapter: 	at com.android.server.biometrics.sensors.fingerprint.hidl.FingerprintUpdateActiveUserClient.startHalOperation(FingerprintUpdateActiveUserClient.java:123)
04-30 00:29:48.078 21412 23367 W HidlToAidlSensorAdapter: 	at com.android.server.biometrics.sensors.fingerprint.hidl.FingerprintUpdateActiveUserClient.start(FingerprintUpdateActiveUserClient.java:110)
04-30 00:29:48.078 21412 23367 W HidlToAidlSensorAdapter: 	at com.android.server.biometrics.sensors.BiometricScheduler.checkCurrentUserAndStartNextOperation(BiometricScheduler.java:332)
04-30 00:29:48.078 21412 23367 W HidlToAidlSensorAdapter: 	at com.android.server.biometrics.sensors.BiometricScheduler$UserSwitchClientCallback.lambda$onClientFinished$0(BiometricScheduler.java:177)
04-30 00:29:48.078 21412 23367 W HidlToAidlSensorAdapter: 	at com.android.server.biometrics.sensors.BiometricScheduler$UserSwitchClientCallback.$r8$lambda$9uToF41kHgR_T4eWN0T0wXyfa5w(BiometricScheduler.java:0)
04-30 00:29:48.078 21412 23367 W HidlToAidlSensorAdapter: 	at com.android.server.biometrics.sensors.BiometricScheduler$UserSwitchClientCallback$$ExternalSyntheticLambda0.run(R8$$SyntheticClass:0)
04-30 00:29:48.078 21412 23367 W HidlToAidlSensorAdapter: 	at android.os.Handler.handleCallback(Handler.java:1070)
04-30 00:29:48.078 21412 23367 W HidlToAidlSensorAdapter: 	at android.os.Handler.dispatchMessage(Handler.java:125)
04-30 00:29:48.078 21412 23367 W HidlToAidlSensorAdapter: 	at android.os.Looper.dispatchMessage(Looper.java:333)
04-30 00:29:48.078 21412 23367 W HidlToAidlSensorAdapter: 	at android.os.Looper.loopOnce(Looper.java:263)
04-30 00:29:48.078 21412 23367 W HidlToAidlSensorAdapter: 	at android.os.Looper.loop(Looper.java:367)
04-30 00:29:48.078 21412 23367 W HidlToAidlSensorAdapter: 	at android.os.HandlerThread.run(HandlerThread.java:139)
04-30 00:29:48.079 21412 23367 W HidlToAidlSensorAdapter: Fingerprint HAL not available
04-30 00:29:48.079 21412 23367 E HidlToAidlSessionAdapter: Unable to set HIDL callback. HIDL daemon is null.
04-30 00:29:48.079   490 13737 W libc    : Unable to set property "ctl.interface_start" to "android.hardware.biometrics.fingerprint@2.1::IBiometricsFingerprint/default": PROP_ERROR_HANDLE_CONTROL_MESSAGE (0x20)
04-30 00:29:48.079   490 13737 I hwservicemanager: Tried to start android.hardware.biometrics.fingerprint@2.1::IBiometricsFingerprint/default as a lazy service, but was unable to. Usually this happens when a service is not installed, but if the service is intended to be used as a lazy service, then it may be configured incorrectly.
04-30 00:29:48.079   490   490 I hwservicemanager: Since android.hardware.biometrics.fingerprint@2.1::IBiometricsFingerprint/default is not registered, trying to start it as a lazy HAL (if it's not configured to be a lazy HAL, it may be stuck starting or still starting).
04-30 00:29:48.082 21412 23367 W HidlToAidlSensorAdapter: NoSuchElementException
04-30 00:29:48.082 21412 23367 W HidlToAidlSensorAdapter: java.util.NoSuchElementException
04-30 00:29:48.082 21412 23367 W HidlToAidlSensorAdapter: 	at android.os.HwBinder.getService(Native Method)
04-30 00:29:48.082 21412 23367 W HidlToAidlSensorAdapter: 	at android.os.HwBinder.getService(HwBinder.java:93)
04-30 00:29:48.082 21412 23367 W HidlToAidlSensorAdapter: 	at android.hardware.biometrics.fingerprint.V2_1.IBiometricsFingerprint.getService(IBiometricsFingerprint.java:74)
04-30 00:29:48.082 21412 23367 W HidlToAidlSensorAdapter: 	at android.hardware.biometrics.fingerprint.V2_1.IBiometricsFingerprint.getService(IBiometricsFingerprint.java:84)
04-30 00:29:48.082 21412 23367 W HidlToAidlSensorAdapter: 	at com.android.server.biometrics.sensors.fingerprint.hidl.HidlToAidlSensorAdapter.getIBiometricsFingerprint(HidlToAidlSensorAdapter.java:210)
04-30 00:29:48.082 21412 23367 W HidlToAidlSensorAdapter: 	at com.android.server.biometrics.sensors.fingerprint.hidl.HidlToAidlSensorAdapter$$ExternalSyntheticLambda5.get(R8$$SyntheticClass:0)
04-30 00:29:48.082 21412 23367 W HidlToAidlSensorAdapter: 	at com.android.server.biometrics.sensors.fingerprint.hidl.HidlToAidlSessionAdapter.getIBiometricsFingerprint(HidlToAidlSessionAdapter.java:213)
04-30 00:29:48.082 21412 23367 W HidlToAidlSensorAdapter: 	at com.android.server.biometrics.sensors.fingerprint.hidl.FingerprintUpdateActiveUserClient.startHalOperation(FingerprintUpdateActiveUserClient.java:124)
04-30 00:29:48.082 21412 23367 W HidlToAidlSensorAdapter: 	at com.android.server.biometrics.sensors.fingerprint.hidl.FingerprintUpdateActiveUserClient.start(FingerprintUpdateActiveUserClient.java:110)
04-30 00:29:48.082 21412 23367 W HidlToAidlSensorAdapter: 	at com.android.server.biometrics.sensors.BiometricScheduler.checkCurrentUserAndStartNextOperation(BiometricScheduler.java:332)
04-30 00:29:48.082 21412 23367 W HidlToAidlSensorAdapter: 	at com.android.server.biometrics.sensors.BiometricScheduler$UserSwitchClientCallback.lambda$onClientFinished$0(BiometricScheduler.java:177)
04-30 00:29:48.082 21412 23367 W HidlToAidlSensorAdapter: 	at com.android.server.biometrics.sensors.BiometricScheduler$UserSwitchClientCallback.$r8$lambda$9uToF41kHgR_T4eWN0T0wXyfa5w(BiometricScheduler.java:0)
04-30 00:29:48.082 21412 23367 W HidlToAidlSensorAdapter: 	at com.android.server.biometrics.sensors.BiometricScheduler$UserSwitchClientCallback$$ExternalSyntheticLambda0.run(R8$$SyntheticClass:0)
04-30 00:29:48.082 21412 23367 W HidlToAidlSensorAdapter: 	at android.os.Handler.handleCallback(Handler.java:1070)
04-30 00:29:48.082 21412 23367 W HidlToAidlSensorAdapter: 	at android.os.Handler.dispatchMessage(Handler.java:125)
04-30 00:29:48.082 21412 23367 W HidlToAidlSensorAdapter: 	at android.os.Looper.dispatchMessage(Looper.java:333)
04-30 00:29:48.082 21412 23367 W HidlToAidlSensorAdapter: 	at android.os.Looper.loopOnce(Looper.java:263)
04-30 00:29:48.082 21412 23367 W HidlToAidlSensorAdapter: 	at android.os.Looper.loop(Looper.java:367)
04-30 00:29:48.082 21412 23367 W HidlToAidlSensorAdapter: 	at android.os.HandlerThread.run(HandlerThread.java:139)
04-30 00:29:48.082 21412 23367 W HidlToAidlSensorAdapter: Fingerprint HAL not available
04-30 00:29:48.082 21412 23367 E FingerprintUpdateActiveUserClient: Failed to setActiveGroup: HIDL daemon is null.
04-30 00:29:48.082   490 13738 W libc    : Unable to set property "ctl.interface_start" to "android.hardware.biometrics.fingerprint@2.1::IBiometricsFingerprint/default": PROP_ERROR_HANDLE_CONTROL_MESSAGE (0x20)
04-30 00:29:48.082   490 13738 I hwservicemanager: Tried to start android.hardware.biometrics.fingerprint@2.1::IBiometricsFingerprint/default as a lazy service, but was unable to. Usually this happens when a service is not installed, but if the service is intended to be used as a lazy service, then it may be configured incorrectly.
04-30 00:29:48.082 21412 23367 D BiometricScheduler: [Client finished] {[14360082] com.android.server.biometrics.sensors.fingerprint.hidl.FingerprintUpdateActiveUserClient, proto=1, owner=android, cookie=0, requestId=-1, userId=0}, success: false
04-30 00:29:48.082 21412 23367 D BiometricScheduler: [Starting User] {[14360083] com.android.server.biometrics.sensors.fingerprint.hidl.FingerprintUpdateActiveUserClient, proto=1, owner=android, cookie=0, requestId=-1, userId=0}
04-30 00:29:48.082 21412 23367 D FingerprintUpdateActiveUserClient: Setting active user: 0
04-30 00:29:46.519     1     1 E (2)[1:init]: Control message: Could not find 'android.hardware.biometrics.fingerprint@2.1::IBiometricsFingerprint/default' for ctl.interface_start from pid: 490 (/system/system_ext/bin/hwservicemanager)
04-30 00:29:48.083   490   490 I hwservicemanager: Since android.hardware.biometrics.fingerprint@2.1::IBiometricsFingerprint/default is not registered, trying to start it as a lazy HAL (if it's not configured to be a lazy HAL, it may be stuck starting or still starting).
04-30 00:29:48.084 21412 23367 W HidlToAidlSensorAdapter: NoSuchElementException
04-30 00:29:48.084 21412 23367 W HidlToAidlSensorAdapter: java.util.NoSuchElementException
04-30 00:29:48.084 21412 23367 W HidlToAidlSensorAdapter: 	at android.os.HwBinder.getService(Native Method)
04-30 00:29:48.084 21412 23367 W HidlToAidlSensorAdapter: 	at android.os.HwBinder.getService(HwBinder.java:93)
04-30 00:29:48.084 21412 23367 W HidlToAidlSensorAdapter: 	at android.hardware.biometrics.fingerprint.V2_1.IBiometricsFingerprint.getService(IBiometricsFingerprint.java:74)
04-30 00:29:48.084 21412 23367 W HidlToAidlSensorAdapter: 	at android.hardware.biometrics.fingerprint.V2_1.IBiometricsFingerprint.getService(IBiometricsFingerprint.java:84)
04-30 00:29:48.084 21412 23367 W HidlToAidlSensorAdapter: 	at com.android.server.biometrics.sensors.fingerprint.hidl.HidlToAidlSensorAdapter.getIBiometricsFingerprint(HidlToAidlSensorAdapter.java:210)
04-30 00:29:48.084 21412 23367 W HidlToAidlSensorAdapter: 	at com.android.server.biometrics.sensors.fingerprint.hidl.HidlToAidlSensorAdapter$$ExternalSyntheticLambda5.get(R8$$SyntheticClass:0)
04-30 00:29:48.084 21412 23367 W HidlToAidlSensorAdapter: 	at com.android.server.biometrics.sensors.fingerprint.hidl.HidlToAidlSessionAdapter.setCallback(HidlToAidlSessionAdapter.java:227)
04-30 00:29:48.084 21412 23367 W HidlToAidlSensorAdapter: 	at com.android.server.biometrics.sensors.fingerprint.hidl.HidlToAidlSessionAdapter.<init>(HidlToAidlSessionAdapter.java:58)
04-30 00:29:48.084 21412 23367 W HidlToAidlSensorAdapter: 	at com.android.server.biometrics.sensors.fingerprint.aidl.AidlSession.<init>(AidlSession.java:48)
04-30 00:29:48.084 21412 23367 W HidlToAidlSensorAdapter: 	at com.android.server.biometrics.sensors.fingerprint.hidl.HidlToAidlSensorAdapter.getSession(HidlToAidlSensorAdapter.java:182)
04-30 00:29:48.084 21412 23367 W HidlToAidlSensorAdapter: 	at com.android.server.biometrics.sensors.fingerprint.hidl.HidlToAidlSensorAdapter.lambda$getFingerprintUpdateActiveUserClient$3(HidlToAidlSensorAdapter.java:273)
04-30 00:29:48.084 21412 23367 W HidlToAidlSensorAdapter: 	at com.android.server.biometrics.sensors.fingerprint.hidl.HidlToAidlSensorAdapter.$r8$lambda$hzKCz0gy8JwjgnnYzUAAoIgGgh4(HidlToAidlSensorAdapter.java:0)
04-30 00:29:48.084 21412 23367 W HidlToAidlSensorAdapter: 	at com.android.server.biometrics.sensors.fingerprint.hidl.HidlToAidlSensorAdapter$$ExternalSyntheticLambda6.get(R8$$SyntheticClass:0)
04-30 00:29:48.084 21412 23367 W HidlToAidlSensorAdapter: 	at com.android.server.biometrics.sensors.HalClientMonitor.getFreshDaemon(HalClientMonitor.java:71)
04-30 00:29:48.084 21412 23367 W HidlToAidlSensorAdapter: 	at com.android.server.biometrics.sensors.fingerprint.hidl.FingerprintUpdateActiveUserClient.startHalOperation(FingerprintUpdateActiveUserClient.java:123)
04-30 00:29:48.084 21412 23367 W HidlToAidlSensorAdapter: 	at com.android.server.biometrics.sensors.fingerprint.hidl.FingerprintUpdateActiveUserClient.start(FingerprintUpdateActiveUserClient.java:110)
04-30 00:29:48.084 21412 23367 W HidlToAidlSensorAdapter: 	at com.android.server.biometrics.sensors.BiometricScheduler.checkCurrentUserAndStartNextOperation(BiometricScheduler.java:332)
04-30 00:29:48.084 21412 23367 W HidlToAidlSensorAdapter: 	at com.android.server.biometrics.sensors.BiometricScheduler$UserSwitchClientCallback.lambda$onClientFinished$0(BiometricScheduler.java:177)
04-30 00:29:48.084 21412 23367 W HidlToAidlSensorAdapter: 	at com.android.server.biometrics.sensors.BiometricScheduler$UserSwitchClientCallback.$r8$lambda$9uToF41kHgR_T4eWN0T0wXyfa5w(BiometricScheduler.java:0)
04-30 00:29:48.084 21412 23367 W HidlToAidlSensorAdapter: 	at com.android.server.biometrics.sensors.BiometricScheduler$UserSwitchClientCallback$$ExternalSyntheticLambda0.run(R8$$SyntheticClass:0)
04-30 00:29:48.084 21412 23367 W HidlToAidlSensorAdapter: 	at android.os.Handler.handleCallback(Handler.java:1070)
04-30 00:29:48.084 21412 23367 W HidlToAidlSensorAdapter: 	at android.os.Handler.dispatchMessage(Handler.java:125)
04-30 00:29:48.084 21412 23367 W HidlToAidlSensorAdapter: 	at android.os.Looper.dispatchMessage(Looper.java:333)
04-30 00:29:48.084 21412 23367 W HidlToAidlSensorAdapter: 	at android.os.Looper.loopOnce(Looper.java:263)
04-30 00:29:48.084 21412 23367 W HidlToAidlSensorAdapter: 	at android.os.Looper.loop(Looper.java:367)
04-30 00:29:48.084 21412 23367 W HidlToAidlSensorAdapter: 	at android.os.HandlerThread.run(HandlerThread.java:139)
04-30 00:29:48.084 21412 23367 W HidlToAidlSensorAdapter: Fingerprint HAL not available
04-30 00:29:48.084 21412 23367 E HidlToAidlSessionAdapter: Unable to set HIDL callback. HIDL daemon is null.
04-30 00:29:48.084   490 13739 W libc    : Unable to set property "ctl.interface_start" to "android.hardware.biometrics.fingerprint@2.1::IBiometricsFingerprint/default": PROP_ERROR_HANDLE_CONTROL_MESSAGE (0x20)
04-30 00:29:48.085   490 13739 I hwservicemanager: Tried to start android.hardware.biometrics.fingerprint@2.1::IBiometricsFingerprint/default as a lazy service, but was unable to. Usually this happens when a service is not installed, but if the service is intended to be used as a lazy service, then it may be configured incorrectly.
04-30 00:29:48.085   490   490 I hwservicemanager: Since android.hardware.biometrics.fingerprint@2.1::IBiometricsFingerprint/default is not registered, trying to start it as a lazy HAL (if it's not configured to be a lazy HAL, it may be stuck starting or still starting).
04-30 00:29:48.086 21412 23367 W HidlToAidlSensorAdapter: NoSuchElementException
04-30 00:29:48.086 21412 23367 W HidlToAidlSensorAdapter: java.util.NoSuchElementException
04-30 00:29:48.086 21412 23367 W HidlToAidlSensorAdapter: 	at android.os.HwBinder.getService(Native Method)
04-30 00:29:48.086 21412 23367 W HidlToAidlSensorAdapter: 	at android.os.HwBinder.getService(HwBinder.java:93)
04-30 00:29:48.086 21412 23367 W HidlToAidlSensorAdapter: 	at android.hardware.biometrics.fingerprint.V2_1.IBiometricsFingerprint.getService(IBiometricsFingerprint.java:74)
04-30 00:29:48.086 21412 23367 W HidlToAidlSensorAdapter: 	at android.hardware.biometrics.fingerprint.V2_1.IBiometricsFingerprint.getService(IBiometricsFingerprint.java:84)
04-30 00:29:48.086 21412 23367 W HidlToAidlSensorAdapter: 	at com.android.server.biometrics.sensors.fingerprint.hidl.HidlToAidlSensorAdapter.getIBiometricsFingerprint(HidlToAidlSensorAdapter.java:210)
04-30 00:29:48.086 21412 23367 W HidlToAidlSensorAdapter: 	at com.android.server.biometrics.sensors.fingerprint.hidl.HidlToAidlSensorAdapter$$ExternalSyntheticLambda5.get(R8$$SyntheticClass:0)
04-30 00:29:48.086 21412 23367 W HidlToAidlSensorAdapter: 	at com.android.server.biometrics.sensors.fingerprint.hidl.HidlToAidlSessionAdapter.getIBiometricsFingerprint(HidlToAidlSessionAdapter.java:213)
04-30 00:29:48.086 21412 23367 W HidlToAidlSensorAdapter: 	at com.android.server.biometrics.sensors.fingerprint.hidl.FingerprintUpdateActiveUserClient.startHalOperation(FingerprintUpdateActiveUserClient.java:124)
04-30 00:29:48.086 21412 23367 W HidlToAidlSensorAdapter: 	at com.android.server.biometrics.sensors.fingerprint.hidl.FingerprintUpdateActiveUserClient.start(FingerprintUpdateActiveUserClient.java:110)
04-30 00:29:48.086 21412 23367 W HidlToAidlSensorAdapter: 	at com.android.server.biometrics.sensors.BiometricScheduler.checkCurrentUserAndStartNextOperation(BiometricScheduler.java:332)
04-30 00:29:48.086 21412 23367 W HidlToAidlSensorAdapter: 	at com.android.server.biometrics.sensors.BiometricScheduler$UserSwitchClientCallback.lambda$onClientFinished$0(BiometricScheduler.java:177)
04-30 00:29:48.086 21412 23367 W HidlToAidlSensorAdapter: 	at com.android.server.biometrics.sensors.BiometricScheduler$UserSwitchClientCallback.$r8$lambda$9uToF41kHgR_T4eWN0T0wXyfa5w(BiometricScheduler.java:0)
04-30 00:29:48.086 21412 23367 W HidlToAidlSensorAdapter: 	at com.android.server.biometrics.sensors.BiometricScheduler$UserSwitchClientCallback$$ExternalSyntheticLambda0.run(R8$$SyntheticClass:0)
04-30 00:29:48.086 21412 23367 W HidlToAidlSensorAdapter: 	at android.os.Handler.handleCallback(Handler.java:1070)
04-30 00:29:48.086 21412 23367 W HidlToAidlSensorAdapter: 	at android.os.Handler.dispatchMessage(Handler.java:125)
04-30 00:29:48.086 21412 23367 W HidlToAidlSensorAdapter: 	at android.os.Looper.dispatchMessage(Looper.java:333)
04-30 00:29:48.086 21412 23367 W HidlToAidlSensorAdapter: 	at android.os.Looper.loopOnce(Looper.java:263)
04-30 00:29:48.086 21412 23367 W HidlToAidlSensorAdapter: 	at android.os.Looper.loop(Looper.java:367)
04-30 00:29:48.086 21412 23367 W HidlToAidlSensorAdapter: 	at android.os.HandlerThread.run(HandlerThread.java:139)
04-30 00:29:48.086 21412 23367 W HidlToAidlSensorAdapter: Fingerprint HAL not available
04-30 00:29:48.086 21412 23367 E FingerprintUpdateActiveUserClient: Failed to setActiveGroup: HIDL daemon is null.
04-30 00:29:48.086 21412 23367 D BiometricScheduler: [Client finished] {[14360083] com.android.server.biometrics.sensors.fingerprint.hidl.FingerprintUpdateActiveUserClient, proto=1, owner=android, cookie=0, requestId=-1, userId=0}, success: false
04-30 00:29:46.521     1     1 E (0)[1:init]: Control message: Could not find 'android.hardware.biometrics.fingerprint@2.1::IBiometricsFingerprint/default' for ctl.interface_start from pid: 490 (/system/system_ext/bin/hwservicemanager)
04-30 00:29:48.087 21412 23367 D BiometricScheduler: [Starting User] {[14360084] com.android.server.biometrics.sensors.fingerprint.hidl.FingerprintUpdateActiveUserClient, proto=1, owner=android, cookie=0, requestId=-1, userId=0}
04-30 00:29:48.087   490 13740 W libc    : Unable to set property "ctl.interface_start" to "android.hardware.biometrics.fingerprint@2.1::IBiometricsFingerprint/default": PROP_ERROR_HANDLE_CONTROL_MESSAGE (0x20)
04-30 00:29:46.523     1     1 E (0)[1:init]: Control message: Could not find 'android.hardware.biometrics.fingerprint@2.1::IBiometricsFingerprint/default' for ctl.interface_start from pid: 490 (/system/system_ext/bin/hwservicemanager)
04-30 00:29:48.087 21412 23367 D FingerprintUpdateActiveUserClient: Setting active user: 0
04-30 00:29:48.087   490 13740 I hwservicemanager: Tried to start android.hardware.biometrics.fingerprint@2.1::IBiometricsFingerprint/default as a lazy service, but was unable to. Usually this happens when a service is not installed, but if the service is intended to be used as a lazy service, then it may be configured incorrectly.
04-30 00:29:48.087   490   490 I hwservicemanager: Since android.hardware.biometrics.fingerprint@2.1::IBiometricsFingerprint/default is not registered, trying to start it as a lazy HAL (if it's not configured to be a lazy HAL, it may be stuck starting or still starting).
04-30 00:29:48.089 21412 23367 W HidlToAidlSensorAdapter: NoSuchElementException
04-30 00:29:48.089 21412 23367 W HidlToAidlSensorAdapter: java.util.NoSuchElementException
04-30 00:29:48.089 21412 23367 W HidlToAidlSensorAdapter: 	at android.os.HwBinder.getService(Native Method)
04-30 00:29:48.089 21412 23367 W HidlToAidlSensorAdapter: 	at android.os.HwBinder.getService(HwBinder.java:93)
04-30 00:29:48.089 21412 23367 W HidlToAidlSensorAdapter: 	at android.hardware.biometrics.fingerprint.V2_1.IBiometricsFingerprint.getService(IBiometricsFingerprint.java:74)
